Product: MDK-ARM Professional 5.10
Component: ARM Compiler 5.04 update 1 (build 49)
Tool: armlink [5040049]

==============================================================================

Section Cross References

    startup_stm32f10x_md.o(STACK) refers (Special) to heapauxi.o(.text) for __use_two_region_memory
    startup_stm32f10x_md.o(HEAP) refers (Special) to heapauxi.o(.text) for __use_two_region_memory
    startup_stm32f10x_md.o(RESET) refers (Special) to heapauxi.o(.text) for __use_two_region_memory
    startup_stm32f10x_md.o(RESET) refers to startup_stm32f10x_md.o(STACK) for __initial_sp
    startup_stm32f10x_md.o(RESET) refers to startup_stm32f10x_md.o(.text) for Reset_Handler
    startup_stm32f10x_md.o(RESET) refers to stm32f10x_it.o(.text) for NMI_Handler
    startup_stm32f10x_md.o(.text) refers (Special) to heapauxi.o(.text) for __use_two_region_memory
    startup_stm32f10x_md.o(.text) refers to system_stm32f10x.o(.text) for SystemInit
    startup_stm32f10x_md.o(.text) refers to __main.o(!!!main) for __main
    startup_stm32f10x_md.o(.text) refers to startup_stm32f10x_md.o(HEAP) for Heap_Mem
    startup_stm32f10x_md.o(.text) refers to startup_stm32f10x_md.o(STACK) for Stack_Mem
    main.o(.text) refers to misc.o(.text) for NVIC_PriorityGroupConfig
    main.o(.text) refers to systick.o(.text) for SysTick_Init
    main.o(.text) refers to usart.o(.text) for Uart1_Init
    main.o(.text) refers to spi.o(.text) for Spi2_Init
    main.o(.text) refers to nrf24l01.o(.text) for Nrf24l01_Init
    main.o(.text) refers to stmflash.o(.text) for ANO_Param_Read
    main.o(.text) refers to adc.o(.text) for g_v_ADCInit
    main.o(.text) refers to datatransfer.o(.text) for g_v_DataSendRC
    main.o(.text) refers to main.o(.data) for status
    stm32f10x_it.o(.text) refers to systick.o(.text) for SysTick_IRQ
    stm32f10x_it.o(.text) refers to usart.o(.text) for g_v_Uart1_IRQ
    stm32f10x_it.o(.text) refers to stm32f10x_usart.o(.text) for USART_GetITStatus
    stm32f10x_it.o(.text) refers to stm32f10x_tim.o(.text) for TIM_GetITStatus
    stm32f10x_it.o(.text) refers to stm32f10x_it.o(.bss) for lanya_buf
    stm32f10x_it.o(.text) refers to stm32f10x_it.o(.data) for i
    stm32f10x_it.o(.text) refers to timer.o(.data) for g_u8_TimeFlag1ms_SMS
    led.o(.text) refers to stm32f10x_rcc.o(.text) for RCC_APB2PeriphClockCmd
    led.o(.text) refers to stm32f10x_gpio.o(.text) for GPIO_PinRemapConfig
    systick.o(.text) refers to systick.o(.data) for cnt_1ms
    systick.o(.text) refers to system_stm32f10x.o(.data) for SystemCoreClock
    sds.o(.text) refers to ffix.o(x$fpl$ffix) for __aeabi_f2iz
    sds.o(.text) refers to usart.o(.text) for g_v_Uart1PutBuf
    timer.o(.text) refers to stm32f10x_rcc.o(.text) for RCC_APB1PeriphClockCmd
    timer.o(.text) refers to stm32f10x_tim.o(.text) for TIM_DeInit
    usart.o(.text) refers to stm32f10x_rcc.o(.text) for RCC_APB2PeriphClockCmd
    usart.o(.text) refers to stm32f10x_gpio.o(.text) for GPIO_Init
    usart.o(.text) refers to stm32f10x_usart.o(.text) for USART_Init
    usart.o(.text) refers to usart.o(.data) for TxCounter
    usart.o(.text) refers to usart.o(.bss) for TxBuffer
    datatransfer.o(.text) refers to fmul.o(x$fpl$fmul) for __aeabi_fmul
    datatransfer.o(.text) refers to ffix.o(x$fpl$ffix) for __aeabi_f2iz
    datatransfer.o(.text) refers to nrf24l01.o(.text) for g_v_NrfTxPacket
    datatransfer.o(.text) refers to main.o(.data) for g_vs_Alt_CMS
    datatransfer.o(.text) refers to datatransfer.o(.bss) for g_u8a50_DataSend_SMS
    datatransfer.o(.text) refers to main.o(.bss) for g_t_AttAngle_CMS
    datatransfer.o(.text) refers to adc.o(.bss) for g_u16a7_ADCValue_CMS
    nrf24l01.o(.text) refers to stm32f10x_gpio.o(.text) for GPIO_ResetBits
    nrf24l01.o(.text) refers to spi.o(.text) for Spi_RW
    nrf24l01.o(.text) refers to nrf24l01.o(.data) for TX_ADDRESS
    nrf24l01.o(.text) refers to nrf24l01.o(.bss) for NRF24L01_RXDATA
    spi.o(.text) refers to stm32f10x_rcc.o(.text) for RCC_APB2PeriphClockCmd
    spi.o(.text) refers to stm32f10x_gpio.o(.text) for GPIO_Init
    spi.o(.text) refers to stm32f10x_spi.o(.text) for SPI_Init
    adc.o(.text) refers to stm32f10x_rcc.o(.text) for RCC_AHBPeriphClockCmd
    adc.o(.text) refers to stm32f10x_gpio.o(.text) for GPIO_Init
    adc.o(.text) refers to stm32f10x_dma.o(.text) for DMA_DeInit
    adc.o(.text) refers to stm32f10x_adc.o(.text) for ADC_Init
    adc.o(.text) refers to fflt_clz.o(x$fpl$ffltu) for __aeabi_ui2f
    adc.o(.text) refers to ffixu.o(x$fpl$ffixu) for __aeabi_f2uiz
    adc.o(.text) refers to stmflash.o(.text) for ANO_Param_Save
    adc.o(.text) refers to param.o(.text) for SAVE_RC_OFFSET
    adc.o(.text) refers to adc.o(.bss) for g_u16a7_ADCValue_CMS
    adc.o(.text) refers to adc.o(.data) for KeyDataL
    adc.o(.text) refers to stmflash.o(.bss) for DataTrim
    adc.o(.text) refers to dflt_clz.o(x$fpl$dfltu) for __aeabi_ui2d
    adc.o(.text) refers to dmul.o(x$fpl$dmul) for __aeabi_dmul
[...]
    Removing stm32f10x_wwdg.o(.text), (136 bytes).
    Removing ano_drv_eeprom.o(.text), (1240 bytes).
    Removing ano_drv_eeprom.o(.constdata), (32 bytes).
    Removing ano_drv_eeprom.o(.data), (8 bytes).

24 unused section(s) (total 9528 bytes) removed from the image.

==============================================================================

Image Symbol Table

    Local Symbols

    Symbol Name                              Value     Ov Type        Size  Object(Section)

    ../clib/angel/boardlib.s                 0x00000000   Number         0  boardinit3.o ABSOLUTE
    ../clib/angel/boardlib.s                 0x00000000   Number         0  boardinit1.o ABSOLUTE
    ../clib/angel/boardlib.s                 0x00000000   Number         0  boardinit2.o ABSOLUTE
    ../clib/angel/boardlib.s                 0x00000000   Number         0  boardshut.o ABSOLUTE
    ../clib/angel/handlers.s                 0x00000000   Number         0  __scatter_zi.o ABSOLUTE
    ../clib/angel/handlers.s                 0x00000000   Number         0  __scatter_copy.o ABSOLUTE
    ../clib/angel/kernel.s                   0x00000000   Number         0  rtexit.o ABSOLUTE
    ../clib/angel/kernel.s                   0x00000000   Number         0  rtentry.o ABSOLUTE
    ../clib/angel/kernel.s                   0x00000000   Number         0  rtentry2.o ABSOLUTE
    ../clib/angel/kernel.s                   0x00000000   Number         0  rtentry4.o ABSOLUTE
    ../clib/angel/kernel.s                   0x00000000   Number         0  rtexit2.o ABSOLUTE
    ../clib/angel/rt.s                       0x00000000   Number         0  rt_raise.o ABSOLUTE
    ../clib/angel/scatter.s                  0x00000000   Number         0  __scatter.o ABSOLUTE
    ../clib/angel/startup.s                  0x00000000   Number         0  __main.o ABSOLUTE
    ../clib/angel/sys.s                      0x00000000   Number         0  use_no_semi.o ABSOLUTE
    ../clib/angel/sys.s                      0x00000000   Number         0  indicate_semi.o ABSOLUTE
    ../clib/angel/sys.s                      0x00000000   Number         0  libspace.o ABSOLUTE
    ../clib/angel/sys.s                      0x00000000   Number         0  sys_stackheap_outer.o ABSOLUTE
    ../clib/angel/sysapp.c                   0x00000000   Number         0  sys_exit.o ABSOLUTE
    ../clib/angel/sysapp.c                   0x00000000   Number         0  sys_wrch.o ABSOLUTE
    ../clib/angel/sysapp.c                   0x00000000   Number         0  sys_command.o ABSOLUTE
    ../clib/armsys.c                         0x00000000   Number         0  _get_argv_nomalloc.o ABSOLUTE
    ../clib/armsys.c                         0x00000000   Number         0  no_argv.o ABSOLUTE
    ../clib/armsys.c                         0x00000000   Number         0  argv_veneer.o ABSOLUTE
    ../clib/armsys.c                         0x00000000   Number         0  argv_veneer.o ABSOLUTE
    ../clib/heapalloc.c                      0x00000000   Number         0  hrguard.o ABSOLUTE
    ../clib/heapaux.c                        0x00000000   Number         0  heapauxi.o ABSOLUTE
    ../clib/libinit.s                        0x00000000   Number         0  libshutdown2.o ABSOLUTE
    ../clib/libinit.s                        0x00000000   Number         0  libinit.o ABSOLUTE
    ../clib/libinit.s                        0x00000000   Number         0  libinit2.o ABSOLUTE
    ../clib/libinit.s                        0x00000000   Number         0  libshutdown.o ABSOLUTE
    ../clib/signal.c                         0x00000000   Number         0  __raise.o ABSOLUTE
    ../clib/signal.c                         0x00000000   Number         0  defsig_rtmem_inner.o ABSOLUTE
    ../clib/signal.c                         0x00000000   Number         0  defsig_rtmem_formal.o ABSOLUTE
    ../clib/signal.c                         0x00000000   Number         0  defsig_other.o ABSOLUTE
    ../clib/signal.c                         0x00000000   Number         0  defsig_segv_inner.o ABSOLUTE
    ../clib/signal.c                         0x00000000   Number         0  defsig_cppl_inner.o ABSOLUTE
    ../clib/signal.c                         0x00000000   Number         0  defsig_rtmem_outer.o ABSOLUTE
    ../clib/signal.c                         0x00000000   Number         0  defsig_pvfn_inner.o ABSOLUTE
    ../clib/signal.c                         0x00000000   Number         0  defsig_exit.o ABSOLUTE
    ../clib/signal.c                         0x00000000   Number         0  defsig_stak_inner.o ABSOLUTE
    ../clib/signal.c                         0x00000000   Number         0  defsig_rtred_inner.o ABSOLUTE
    ../clib/signal.c                         0x00000000   Number         0  defsig_abrt_inner.o ABSOLUTE
    ../clib/signal.c                         0x00000000   Number         0  defsig_fpe_inner.o ABSOLUTE
    ../clib/signal.c                         0x00000000   Number         0  defsig_general.o ABSOLUTE
    ../clib/signal.s                         0x00000000   Number         0  defsig.o ABSOLUTE
    ../clib/stdlib.c                         0x00000000   Number         0  exit.o ABSOLUTE
    ../fplib/daddsub.s                       0x00000000   Number         0  daddsub_clz.o ABSOLUTE
    ../fplib/ddiv.s                          0x00000000   Number         0  ddiv.o ABSOLUTE
    ../fplib/dfix.s                          0x00000000   Number         0  dfix.o ABSOLUTE
    ../fplib/dflt.s                          0x00000000   Number         0  dflt_clz.o ABSOLUTE
    ../fplib/dmul.s                          0x00000000   Number         0  dmul.o ABSOLUTE
    ../fplib/dnaninf.s                       0x00000000   Number         0  dnaninf.o ABSOLUTE
    ../fplib/dretinf.s                       0x00000000   Number         0  dretinf.o ABSOLUTE
    ../fplib/ffix.s                          0x00000000   Number         0  ffix.o ABSOLUTE
    ../fplib/ffixu.s                         0x00000000   Number         0  ffixu.o ABSOLUTE
    ../fplib/fflt.s                          0x00000000   Number         0  fflt_clz.o ABSOLUTE
    ../fplib/fmul.s                          0x00000000   Number         0  fmul.o ABSOLUTE
    ../fplib/fnaninf.s                       0x00000000   Number         0  fnaninf.o ABSOLUTE
    ../fplib/fpinit.s                        0x00000000   Number         0  fpinit.o ABSOLUTE
    ../fplib/fretinf.s                       0x00000000   Number         0  fretinf.o ABSOLUTE
    ../fplib/usenofp.s                       0x00000000   Number         0  usenofp.o ABSOLUTE
    ..\App\ADC.c                             0x00000000   Number         0  adc.o ABSOLUTE
    ..\App\DataTransfer.c                    0x00000000   Number         0  datatransfer.o ABSOLUTE
    ..\App\Drv_flash.c                       0x00000000   Number         0  drv_flash.o ABSOLUTE
    ..\App\NRF24L01.c                        0x00000000   Number         0  nrf24l01.o ABSOLUTE
    ..\App\SDS.c                             0x00000000   Number         0  sds.o ABSOLUTE
    ..\App\Spi.c                             0x00000000   Number         0  spi.o ABSOLUTE
    ..\App\SysTick.c                         0x00000000   Number         0  systick.o ABSOLUTE
    ..\App\led.c                             0x00000000   Number         0  led.o ABSOLUTE
    ..\App\main.c                            0x00000000   Number         0  main.o ABSOLUTE
    ..\App\param.c                           0x00000000   Number         0  param.o ABSOLUTE
    ..\App\stm32f10x_it.c                    0x00000000   Number         0  stm32f10x_it.o ABSOLUTE
    ..\App\stmflash.c                        0x00000000   Number         0  stmflash.o ABSOLUTE
    ..\App\sys.c                             0x00000000   Number         0  sys.o ABSOLUTE
    ..\App\timer.c                           0x00000000   Number         0  timer.o ABSOLUTE
    ..\App\usart.c                           0x00000000   Number         0  usart.o ABSOLUTE
    ..\CMSIS\core_cm3.c                      0x00000000   Number         0  core_cm3.o ABSOLUTE
    ..\CMSIS\startup\startup_stm32f10x_md.s  0x00000000   Number         0  startup_stm32f10x_md.o ABSOLUTE
    ..\CMSIS\system_stm32f10x.c              0x00000000   Number         0  system_stm32f10x.o ABSOLUTE
    ..\FWlib\src\ANO_Drv_EEPROM.c            0x00000000   Number         0  ano_drv_eeprom.o ABSOLUTE
    ..\FWlib\src\misc.c                      0x00000000   Number         0  misc.o ABSOLUTE
    ..\FWlib\src\stm32f10x_adc.c             0x00000000   Number         0  stm32f10x_adc.o ABSOLUTE
    ..\FWlib\src\stm32f10x_bkp.c             0x00000000   Number         0  stm32f10x_bkp.o ABSOLUTE
    ..\FWlib\src\stm32f10x_can.c             0x00000000   Number         0  stm32f10x_can.o ABSOLUTE
    ..\FWlib\src\stm32f10x_cec.c             0x00000000   Number         0  stm32f10x_cec.o ABSOLUTE
    ..\FWlib\src\stm32f10x_crc.c             0x00000000   Number         0  stm32f10x_crc.o ABSOLUTE
    ..\FWlib\src\stm32f10x_dac.c             0x00000000   Number         0  stm32f10x_dac.o ABSOLUTE
    ..\FWlib\src\stm32f10x_dbgmcu.c          0x00000000   Number         0  stm32f10x_dbgmcu.o ABSOLUTE
    ..\FWlib\src\stm32f10x_dma.c             0x00000000   Number         0  stm32f10x_dma.o ABSOLUTE
    ..\FWlib\src\stm32f10x_exti.c            0x00000000   Number         0  stm32f10x_exti.o ABSOLUTE
    ..\FWlib\src\stm32f10x_flash.c           0x00000000   Number         0  stm32f10x_flash.o ABSOLUTE
    ..\FWlib\src\stm32f10x_fsmc.c            0x00000000   Number         0  stm32f10x_fsmc.o ABSOLUTE
    ..\FWlib\src\stm32f10x_gpio.c            0x00000000   Number         0  stm32f10x_gpio.o ABSOLUTE
    ..\FWlib\src\stm32f10x_i2c.c             0x00000000   Number         0  stm32f10x_i2c.o ABSOLUTE
    ..\FWlib\src\stm32f10x_iwdg.c            0x00000000   Number         0  stm32f10x_iwdg.o ABSOLUTE
    ..\FWlib\src\stm32f10x_pwr.c             0x00000000   Number         0  stm32f10x_pwr.o ABSOLUTE
    ..\FWlib\src\stm32f10x_rcc.c             0x00000000   Number         0  stm32f10x_rcc.o ABSOLUTE
    ..\FWlib\src\stm32f10x_rtc.c             0x00000000   Number         0  stm32f10x_rtc.o ABSOLUTE
    ..\FWlib\src\stm32f10x_sdio.c            0x00000000   Number         0  stm32f10x_sdio.o ABSOLUTE
    ..\FWlib\src\stm32f10x_spi.c             0x00000000   Number         0  stm32f10x_spi.o ABSOLUTE
    ..\FWlib\src\stm32f10x_tim.c             0x00000000   Number         0  stm32f10x_tim.o ABSOLUTE
    ..\FWlib\src\stm32f10x_usart.c           0x00000000   Number         0  stm32f10x_usart.o ABSOLUTE
    ..\FWlib\src\stm32f10x_wwdg.c            0x00000000   Number         0  stm32f10x_wwdg.o ABSOLUTE
    ..\\App\\sys.c                           0x00000000   Number         0  sys.o ABSOLUTE
    ..\\CMSIS\\core_cm3.c                    0x00000000   Number         0  core_cm3.o ABSOLUTE
    dc.s                                     0x00000000   Number         0  dc.o ABSOLUTE
    RESET                                    0x08000000   Section      236  startup_stm32f10x_md.o(RESET)
    !!!main                                  0x080000ec   Section        8  __main.o(!!!main)
    !!!scatter                               0x080000f4   Section       52  __scatter.o(!!!scatter)
    !!handler_copy                           0x08000128   Section       26  __scatter_copy.o(!!handler_copy)
    !!handler_zi                             0x08000144   Section       28  __scatter_zi.o(!!handler_zi)
    .ARM.Collect$$libinit$$00000000          0x08000160   Section        2  libinit.o(.ARM.Collect$$libinit$$00000000)
    .ARM.Collect$$libinit$$00000002          0x08000162   Section        0  libinit2.o(.ARM.Collect$$libinit$$00000002)
    .ARM.Collect$$libinit$$00000008          0x08000162   Section        0  libinit2.o(.ARM.Collect$$libinit$$00000008)
    .ARM.Collect$$libinit$$0000000A          0x08000162   Section        0  libinit2.o(.ARM.Collect$$libinit$$0000000A)
    .ARM.Collect$$libinit$$0000000C          0x08000162   Section        0  libinit2.o(.ARM.Collect$$libinit$$0000000C)
    .ARM.Collect$$libinit$$0000000F          0x08000162   Section        0  libinit2.o(.ARM.Collect$$libinit$$0000000F)
    .ARM.Collect$$libinit$$00000011          0x08000162   Section        0  libinit2.o(.ARM.Collect$$libinit$$00000011)
    .ARM.Collect$$libinit$$00000013          0x08000162   Section        0  libinit2.o(.ARM.Collect$$libinit$$00000013)
    .ARM.Collect$$libinit$$00000015          0x08000162   Section        0  libinit2.o(.ARM.Collect$$libinit$$00000015)
    .ARM.Collect$$libinit$$00000017          0x08000162   Section        0  libinit2.o(.ARM.Collect$$libinit$$00000017)
    .ARM.Collect$$libinit$$00000019          0x08000162   Section        0  libinit2.o(.ARM.Collect$$libinit$$00000019)
    .ARM.Collect$$libinit$$0000001B          0x08000162   Section        0  libinit2.o(.ARM.Collect$$libinit$$0000001B)
    .ARM.Collect$$libinit$$0000001D          0x08000162   Section        0  libinit2.o(.ARM.Collect$$libinit$$0000001D)
    .ARM.Collect$$libinit$$0000001F          0x08000162   Section        0  libinit2.o(.ARM.Collect$$libinit$$0000001F)
    .ARM.Collect$$libinit$$00000021          0x08000162   Section        0  libinit2.o(.ARM.Collect$$libinit$$00000021)
    .ARM.Collect$$libinit$$00000023          0x08000162   Section        0  libinit2.o(.ARM.Collect$$libinit$$00000023)
    .ARM.Collect$$libinit$$0000002A          0x08000162   Section        0  libinit2.o(.ARM.Collect$$libinit$$0000002A)
    .ARM.Collect$$libinit$$0000002C          0x08000162   Section        0  libinit2.o(.ARM.Collect$$libinit$$0000002C)
    .ARM.Collect$$libinit$$0000002E          0x08000162   Section        0  libinit2.o(.ARM.Collect$$libinit$$0000002E)
    .ARM.Collect$$libinit$$00000030          0x08000162   Section        0  libinit2.o(.ARM.Collect$$libinit$$00000030)
    .ARM.Collect$$libinit$$00000031          0x08000162   Section        2  libinit2.o(.ARM.Collect$$libinit$$00000031)
    .ARM.Collect$$libshutdown$$00000000      0x08000164   Section        2  libshutdown.o(.ARM.Collect$$libshutdown$$00000000)
    .ARM.Collect$$libshutdown$$00000003      0x08000166   Section        0  libshutdown2.o(.ARM.Collect$$libshutdown$$00000003)
    .ARM.Collect$$libshutdown$$00000006      0x08000166   Section        0  libshutdown2.o(.ARM.Collect$$libshutdown$$00000006)
    .ARM.Collect$$libshutdown$$00000009      0x08000166   Section        0  libshutdown2.o(.ARM.Collect$$libshutdown$$00000009)
    .ARM.Collect$$libshutdown$$0000000B      0x08000166   Section        0  libshutdown2.o(.ARM.Collect$$libshutdown$$0000000B)
    .ARM.Collect$$libshutdown$$0000000E      0x08000166   Section        0  libshutdown2.o(.ARM.Collect$$libshutdown$$0000000E)
    .ARM.Collect$$libshutdown$$0000000F      0x08000166   Section        2  libshutdown2.o(.ARM.Collect$$libshutdown$$0000000F)
    .ARM.Collect$$rtentry$$00000000          0x08000168   Section        0  rtentry.o(.ARM.Collect$$rtentry$$00000000)
    .ARM.Collect$$rtentry$$00000002          0x08000168   Section        0  rtentry2.o(.ARM.Collect$$rtentry$$00000002)
    .ARM.Collect$$rtentry$$00000004          0x08000168   Section        6  rtentry4.o(.ARM.Collect$$rtentry$$00000004)
    .ARM.Collect$$rtentry$$00000009          0x0800016e   Section        0  rtentry2.o(.ARM.Collect$$rtentry$$00000009)
    .ARM.Collect$$rtentry$$0000000A          0x0800016e   Section        4  rtentry2.o(.ARM.Collect$$rtentry$$0000000A)
    .ARM.Collect$$rtentry$$0000000C          0x08000172   Section        0  rtentry2.o(.ARM.Collect$$rtentry$$0000000C)
    .ARM.Collect$$rtentry$$0000000D          0x08000172   Section        8  rtentry2.o(.ARM.Collect$$rtentry$$0000000D)
    .ARM.Collect$$rtexit$$00000000           0x0800017a   Section        2  rtexit.o(.ARM.Collect$$rtexit$$00000000)
    .ARM.Collect$$rtexit$$00000002           0x0800017c   Section        0  rtexit2.o(.ARM.Collect$$rtexit$$00000002)
    .ARM.Collect$$rtexit$$00000003           0x0800017c   Section        4  rtexit2.o(.ARM.Collect$$rtexit$$00000003)
    .ARM.Collect$$rtexit$$00000004           0x08000180   Section        6  rtexit2.o(.ARM.Collect$$rtexit$$00000004)
    .text                                    0x08000188   Section       64  startup_stm32f10x_md.o(.text)
    .text                                    0x080001c8   Section        0  main.o(.text)
    .text                                    0x0800023c   Section        0  stm32f10x_it.o(.text)
    .text                                    0x08000330   Section        0  systick.o(.text)
    .text                                    0x08000438   Section        0  usart.o(.text)
    itoa                                     0x08000579   Thumb Code    98  usart.o(.text)
    .text                                    0x080008f0   Section        0  datatransfer.o(.text)
    .text                                    0x08000d50   Section        0  nrf24l01.o(.text)
    .text                                    0x08000ff0   Section        0  spi.o(.text)
    .text                                    0x080010d4   Section        0  adc.o(.text)
    .text                                    0x080017b8   Section        0  param.o(.text)
    .text                                    0x080017cc   Section        0  stmflash.o(.text)
    .text                                    0x0800181c   Section        0  drv_flash.o(.text)
    .text                                    0x080018c8   Section        0  system_stm32f10x.o(.text)
    SetSysClockTo72                          0x080018c9   Thumb Code   214  system_stm32f10x.o(.text)
    SetSysClock                              0x0800199f   Thumb Code     8  system_stm32f10x.o(.text)
    .text                                    0x08001aa8   Section        0  misc.o(.text)
    .text                                    0x08001b84   Section        0  stm32f10x_adc.o(.text)
    .text                                    0x08001fd4   Section        0  stm32f10x_dma.o(.text)
    .text                                    0x08002228   Section        0  stm32f10x_flash.o(.text)
    .text                                    0x080027e4   Section        0  stm32f10x_gpio.o(.text)
    .text                                    0x08002b40   Section        0  stm32f10x_rcc.o(.text)
    .text                                    0x08002ee4   Section        0  stm32f10x_spi.o(.text)
    .text                                    0x080031f0   Section        0  stm32f10x_tim.o(.text)
    TI4_Config                               0x08003697   Thumb Code   130  stm32f10x_tim.o(.text)
    TI3_Config                               0x0800372b   Thumb Code   122  stm32f10x_tim.o(.text)
    TI2_Config                               0x080037bf   Thumb Code   130  stm32f10x_tim.o(.text)
    TI1_Config                               0x08003853   Thumb Code   108  stm32f10x_tim.o(.text)
    .text                                    0x0800400c   Section        0  stm32f10x_usart.o(.text)
    .text                                    0x08004414   Section        0  heapauxi.o(.text)
    .text                                    0x0800441a   Section       74  sys_stackheap_outer.o(.text)
    .text                                    0x08004464   Section        0  exit.o(.text)
    .text                                    0x08004470   Section        8  libspace.o(.text)
    .text                                    0x08004478   Section        0  sys_exit.o(.text)
    .text                                    0x08004484   Section        2  use_no_semi.o(.text)
    .text                                    0x08004486   Section        0  indicate_semi.o(.text)
    x$fpl$dadd                               0x08004488   Section      336  daddsub_clz.o(x$fpl$dadd)
    _dadd1                                   0x08004499   Thumb Code     0  daddsub_clz.o(x$fpl$dadd)
    x$fpl$ddiv                               0x080045d8   Section      688  ddiv.o(x$fpl$ddiv)
    ddiv_entry                               0x080045df   Thumb Code     0  ddiv.o(x$fpl$ddiv)
    x$fpl$dfix                               0x08004888   Section       94  dfix.o(x$fpl$dfix)
    x$fpl$dfltu                              0x080048e6   Section       38  dflt_clz.o(x$fpl$dfltu)
    x$fpl$dmul                               0x0800490c   Section      340  dmul.o(x$fpl$dmul)
    x$fpl$dnaninf                            0x08004a60   Section      156  dnaninf.o(x$fpl$dnaninf)
    x$fpl$dretinf                            0x08004afc   Section       12  dretinf.o(x$fpl$dretinf)
    x$fpl$dsub                               0x08004b08   Section      468  daddsub_clz.o(x$fpl$dsub)
    _dsub1                                   0x08004b19   Thumb Code     0  daddsub_clz.o(x$fpl$dsub)
    x$fpl$ffix                               0x08004cdc   Section       54  ffix.o(x$fpl$ffix)
    x$fpl$ffixu                              0x08004d14   Section       62  ffixu.o(x$fpl$ffixu)
    x$fpl$ffltu                              0x08004d54   Section       38  fflt_clz.o(x$fpl$ffltu)
    x$fpl$fmul                               0x08004d7c   Section      258  fmul.o(x$fpl$fmul)
    x$fpl$fnaninf                            0x08004e7e   Section      140  fnaninf.o(x$fpl$fnaninf)
    x$fpl$fretinf                            0x08004f0a   Section       10  fretinf.o(x$fpl$fretinf)
    x$fpl$usenofp                            0x08004f14   Section        0  usenofp.o(x$fpl$usenofp)
    .data                                    0x20000000   Section       30  main.o(.data)
    .data                                    0x2000001e   Section        4  stm32f10x_it.o(.data)
    timecount                                0x20000020   Data           2  stm32f10x_it.o(.data)
    .data                                    0x20000024   Section       14  systick.o(.data)
    TimingDelay                              0x20000024   Data           4  systick.o(.data)
    .data                                    0x20000032   Section        5  timer.o(.data)
    .data                                    0x20000037   Section       11  usart.o(.data)
    .data                                    0x20000042   Section       10  nrf24l01.o(.data)
    .data                                    0x2000004c   Section        8  adc.o(.data)
    keyFlagL                                 0x20000050   Data           1  adc.o(.data)
    keyFlagR                                 0x20000051   Data           1  adc.o(.data)
    timeDelayFlag                            0x20000052   Data           2  adc.o(.data)
    .data                                    0x20000054   Section        2  stmflash.o(.data)
    .data                                    0x20000058   Section       20  system_stm32f10x.o(.data)
    .data                                    0x2000006c   Section       20  stm32f10x_rcc.o(.data)
    APBAHBPrescTable                         0x2000006c   Data          16  stm32f10x_rcc.o(.data)
    ADCPrescTable                            0x2000007c   Data           4  stm32f10x_rcc.o(.data)
    .bss                                     0x20000080   Section       82  main.o(.bss)
    .bss                                     0x200000d2   Section      100  stm32f10x_it.o(.bss)
    .bss                                     0x20000136   Section      256  usart.o(.bss)
    .bss                                     0x20000236   Section       50  datatransfer.o(.bss)
    .bss                                     0x20000268   Section       64  nrf24l01.o(.bss)
    .bss                                     0x200002a8   Section       14  adc.o(.bss)
    .bss                                     0x200002b6   Section       16  stmflash.o(.bss)
    .bss                                     0x200002c8   Section       96  libspace.o(.bss)
    HEAP                                     0x20000328   Section      512  startup_stm32f10x_md.o(HEAP)
    Heap_Mem                                 0x20000328   Data         512  startup_stm32f10x_md.o(HEAP)
    STACK                                    0x20000528   Section     1024  startup_stm32f10x_md.o(STACK)
    Stack_Mem                                0x20000528   Data        1024  startup_stm32f10x_md.o(STACK)
    __initial_sp                             0x20000928   Data           0  startup_stm32f10x_md.o(STACK)

    Global Symbols

    Symbol Name                              Value     Ov Type        Size  Object(Section)

    BuildAttributes$$THM_ISAv4$P$D$K$B$S$PE$A:L22UL41UL21$X:L11$S22US41US21$IEEE1$IW$USESV6$~STKCKD$USESV7$~SHL$OSPACE$ROPI$EBA8$UX$STANDARDLIB$REQ8$PRES8$EABIv2 0x00000000   Number         0  anon$$obj.o ABSOLUTE
    __ARM_use_no_argv                        0x00000000   Number         0  main.o ABSOLUTE
    __ARM_exceptions_init                     - Undefined Weak Reference
    __alloca_initialize                       - Undefined Weak Reference
    __cpp_initialize__aeabi_                  - Undefined Weak Reference
    __cxa_finalize                            - Undefined Weak Reference
    __rt_locale                               - Undefined Weak Reference
    __sigvec_lookup                           - Undefined Weak Reference
    _atexit_init                              - Undefined Weak Reference
    _call_atexit_fns                          - Undefined Weak Reference
    _clock_init                               - Undefined Weak Reference
    _fp_trap_init                             - Undefined Weak Reference
    _fp_trap_shutdown                         - Undefined Weak Reference
    _get_lc_collate                           - Undefined Weak Reference
    _get_lc_ctype                             - Undefined Weak Reference
    _get_lc_monetary                          - Undefined Weak Reference
    _get_lc_numeric                           - Undefined Weak Reference
    _get_lc_time                              - Undefined Weak Reference
    _getenv_init                              - Undefined Weak Reference
    _handle_redirection                       - Undefined Weak Reference
    _init_alloc                               - Undefined Weak Reference
    _init_user_alloc                          - Undefined Weak Reference
    _initio                                   - Undefined Weak Reference
    _rand_init                                - Undefined Weak Reference
    _signal_finish                            - Undefined Weak Reference
    _signal_init                              - Undefined Weak Reference
    _terminate_alloc                          - Undefined Weak Reference
    _terminate_user_alloc                     - Undefined Weak Reference
    _terminateio                              - Undefined Weak Reference
    __Vectors_Size                           0x000000ec   Number         0  startup_stm32f10x_md.o ABSOLUTE
    __Vectors                                0x08000000   Data           4  startup_stm32f10x_md.o(RESET)
    __Vectors_End                            0x080000ec   Data           0  startup_stm32f10x_md.o(RESET)
    __main                                   0x080000ed   Thumb Code     8  __main.o(!!!main)
    __scatterload                            0x080000f5   Thumb Code     0  __scatter.o(!!!scatter)
    __scatterload_rt2                        0x080000f5   Thumb Code    44  __scatter.o(!!!scatter)
    __scatterload_rt2_thumb_only             0x080000f5   Thumb Code     0  __scatter.o(!!!scatter)
    __scatterload_null                       0x08000103   Thumb Code     0  __scatter.o(!!!scatter)
    __scatterload_copy                       0x08000129   Thumb Code    26  __scatter_copy.o(!!handler_copy)
    __scatterload_zeroinit                   0x08000145   Thumb Code    28  __scatter_zi.o(!!handler_zi)
    __rt_lib_init                            0x08000161   Thumb Code     0  libinit.o(.ARM.Collect$$libinit$$00000000)
    __rt_lib_init_alloca_1                   0x08000163   Thumb Code     0  libinit2.o(.ARM.Collect$$libinit$$0000002C)
    __rt_lib_init_argv_1                     0x08000163   Thumb Code     0  libinit2.o(.ARM.Collect$$libinit$$0000002A)
    __rt_lib_init_atexit_1                   0x08000163   Thumb Code     0  libinit2.o(.ARM.Collect$$libinit$$00000019)
    __rt_lib_init_clock_1                    0x08000163   Thumb Code     0  libinit2.o(.ARM.Collect$$libinit$$0000001F)
    __rt_lib_init_cpp_1                      0x08000163   Thumb Code     0  libinit2.o(.ARM.Collect$$libinit$$00000030)
    __rt_lib_init_exceptions_1               0x08000163   Thumb Code     0  libinit2.o(.ARM.Collect$$libinit$$0000002E)
    __rt_lib_init_fp_1                       0x08000163   Thumb Code     0  libinit2.o(.ARM.Collect$$libinit$$00000002)
    __rt_lib_init_fp_trap_1                  0x08000163   Thumb Code     0  libinit2.o(.ARM.Collect$$libinit$$0000001D)
    __rt_lib_init_getenv_1                   0x08000163   Thumb Code     0  libinit2.o(.ARM.Collect$$libinit$$00000021)
    __rt_lib_init_heap_1                     0x08000163   Thumb Code     0  libinit2.o(.ARM.Collect$$libinit$$00000008)
    __rt_lib_init_lc_collate_1               0x08000163   Thumb Code     0  libinit2.o(.ARM.Collect$$libinit$$0000000F)
    __rt_lib_init_lc_ctype_1                 0x08000163   Thumb Code     0  libinit2.o(.ARM.Collect$$libinit$$00000011)
    __rt_lib_init_lc_monetary_1              0x08000163   Thumb Code     0  libinit2.o(.ARM.Collect$$libinit$$00000013)
    __rt_lib_init_lc_numeric_1               0x08000163   Thumb Code     0  libinit2.o(.ARM.Collect$$libinit$$00000015)
    __rt_lib_init_lc_time_1                  0x08000163   Thumb Code     0  libinit2.o(.ARM.Collect$$libinit$$00000017)
    __rt_lib_init_rand_1                     0x08000163   Thumb Code     0  libinit2.o(.ARM.Collect$$libinit$$0000000C)
    __rt_lib_init_return                     0x08000163   Thumb Code     0  libinit2.o(.ARM.Collect$$libinit$$00000031)
    __rt_lib_init_signal_1                   0x08000163   Thumb Code     0  libinit2.o(.ARM.Collect$$libinit$$0000001B)
    __rt_lib_init_stdio_1                    0x08000163   Thumb Code     0  libinit2.o(.ARM.Collect$$libinit$$00000023)
    __rt_lib_init_user_alloc_1               0x08000163   Thumb Code     0  libinit2.o(.ARM.Collect$$libinit$$0000000A)
    __rt_lib_shutdown                        0x08000165   Thumb Code     0  libshutdown.o(.ARM.Collect$$libshutdown$$00000000)
    __rt_lib_shutdown_fp_trap_1              0x08000167   Thumb Code     0  libshutdown2.o(.ARM.Collect$$libshutdown$$00000006)
    __rt_lib_shutdown_heap_1                 0x08000167   Thumb Code     0  libshutdown2.o(.ARM.Collect$$libshutdown$$0000000E)
    __rt_lib_shutdown_return                 0x08000167   Thumb Code     0  libshutdown2.o(.ARM.Collect$$libshutdown$$0000000F)
    __rt_lib_shutdown_signal_1               0x08000167   Thumb Code     0  libshutdown2.o(.ARM.Collect$$libshutdown$$00000009)
    __rt_lib_shutdown_stdio_1                0x08000167   Thumb Code     0  libshutdown2.o(.ARM.Collect$$libshutdown$$00000003)
    __rt_lib_shutdown_user_alloc_1           0x08000167   Thumb Code     0  libshutdown2.o(.ARM.Collect$$libshutdown$$0000000B)
    __rt_entry                               0x08000169   Thumb Code     0  rtentry.o(.ARM.Collect$$rtentry$$00000000)
    __rt_entry_presh_1                       0x08000169   Thumb Code     0  rtentry2.o(.ARM.Collect$$rtentry$$00000002)
    __rt_entry_sh                            0x08000169   Thumb Code     0  rtentry4.o(.ARM.Collect$$rtentry$$00000004)
    __rt_entry_li                            0x0800016f   Thumb Code     0  rtentry2.o(.ARM.Collect$$rtentry$$0000000A)
    __rt_entry_postsh_1                      0x0800016f   Thumb Code     0  rtentry2.o(.ARM.Collect$$rtentry$$00000009)
    __rt_entry_main                          0x08000173   Thumb Code     0  rtentry2.o(.ARM.Collect$$rtentry$$0000000D)
    __rt_entry_postli_1                      0x08000173   Thumb Code     0  rtentry2.o(.ARM.Collect$$rtentry$$0000000C)
    __rt_exit                                0x0800017b   Thumb Code     0  rtexit.o(.ARM.Collect$$rtexit$$00000000)
    __rt_exit_ls                             0x0800017d   Thumb Code     0  rtexit2.o(.ARM.Collect$$rtexit$$00000003)
    __rt_exit_prels_1                        0x0800017d   Thumb Code     0  rtexit2.o(.ARM.Collect$$rtexit$$00000002)
    __rt_exit_exit                           0x08000181   Thumb Code     0  rtexit2.o(.ARM.Collect$$rtexit$$00000004)
    Reset_Handler                            0x08000189   Thumb Code     8  startup_stm32f10x_md.o(.text)
    ADC1_2_IRQHandler                        0x080001a3   Thumb Code     0  startup_stm32f10x_md.o(.text)
    CAN1_RX1_IRQHandler                      0x080001a3   Thumb Code     0  startup_stm32f10x_md.o(.text)
    CAN1_SCE_IRQHandler                      0x080001a3   Thumb Code     0  startup_stm32f10x_md.o(.text)
    DMA1_Channel1_IRQHandler                 0x080001a3   Thumb Code     0  startup_stm32f10x_md.o(.text)
    DMA1_Channel2_IRQHandler                 0x080001a3   Thumb Code     0  startup_stm32f10x_md.o(.text)
    DMA1_Channel3_IRQHandler                 0x080001a3   Thumb Code     0  startup_stm32f10x_md.o(.text)
    DMA1_Channel4_IRQHandler                 0x080001a3   Thumb Code     0  startup_stm32f10x_md.o(.text)
    DMA1_Channel5_IRQHandler                 0x080001a3   Thumb Code     0  startup_stm32f10x_md.o(.text)
    DMA1_Channel6_IRQHandler                 0x080001a3   Thumb Code     0  startup_stm32f10x_md.o(.text)
    DMA1_Channel7_IRQHandler                 0x080001a3   Thumb Code     0  startup_stm32f10x_md.o(.text)
    EXTI0_IRQHandler                         0x080001a3   Thumb Code     0  startup_stm32f10x_md.o(.text)
    EXTI15_10_IRQHandler                     0x080001a3   Thumb Code     0  startup_stm32f10x_md.o(.text)
    EXTI1_IRQHandler                         0x080001a3   Thumb Code     0  startup_stm32f10x_md.o(.text)
    EXTI2_IRQHandler                         0x080001a3   Thumb Code     0  startup_stm32f10x_md.o(.text)
    EXTI3_IRQHandler                         0x080001a3   Thumb Code     0  startup_stm32f10x_md.o(.text)
    EXTI4_IRQHandler                         0x080001a3   Thumb Code     0  startup_stm32f10x_md.o(.text)
    FLASH_IRQHandler                         0x080001a3   Thumb Code     0  startup_stm32f10x_md.o(.text)
    I2C1_ER_IRQHandler                       0x080001a3   Thumb Code     0  startup_stm32f10x_md.o(.text)
    I2C1_EV_IRQHandler                       0x080001a3   Thumb Code     0  startup_stm32f10x_md.o(.text)
    I2C2_ER_IRQHandler                       0x080001a3   Thumb Code     0  startup_stm32f10x_md.o(.text)
    I2C2_EV_IRQHandler                       0x080001a3   Thumb Code     0  startup_stm32f10x_md.o(.text)
    PVD_IRQHandler                           0x080001a3   Thumb Code     0  startup_stm32f10x_md.o(.text)
    RCC_IRQHandler                           0x080001a3   Thumb Code     0  startup_stm32f10x_md.o(.text)
    RTCAlarm_IRQHandler                      0x080001a3   Thumb Code     0  startup_stm32f10x_md.o(.text)
    RTC_IRQHandler                           0x080001a3   Thumb Code     0  startup_stm32f10x_md.o(.text)
    SPI1_IRQHandler                          0x080001a3   Thumb Code     0  startup_stm32f10x_md.o(.text)
    SPI2_IRQHandler                          0x080001a3   Thumb Code     0  startup_stm32f10x_md.o(.text)
    TAMPER_IRQHandler                        0x080001a3   Thumb Code     0  startup_stm32f10x_md.o(.text)
    TIM1_BRK_IRQHandler                      0x080001a3   Thumb Code     0  startup_stm32f10x_md.o(.text)
    TIM1_CC_IRQHandler                       0x080001a3   Thumb Code     0  startup_stm32f10x_md.o(.text)
    TIM1_TRG_COM_IRQHandler                  0x080001a3   Thumb Code     0  startup_stm32f10x_md.o(.text)
    TIM2_IRQHandler                          0x080001a3   Thumb Code     0  startup_stm32f10x_md.o(.text)
    TIM3_IRQHandler                          0x080001a3   Thumb Code     0  startup_stm32f10x_md.o(.text)
    TIM4_IRQHandler                          0x080001a3   Thumb Code     0  startup_stm32f10x_md.o(.text)
    USART3_IRQHandler                        0x080001a3   Thumb Code     0  startup_stm32f10x_md.o(.text)
    USBWakeUp_IRQHandler                     0x080001a3   Thumb Code     0  startup_stm32f10x_md.o(.text)
    USB_HP_CAN1_TX_IRQHandler                0x080001a3   Thumb Code     0  startup_stm32f10x_md.o(.text)
    USB_LP_CAN1_RX0_IRQHandler               0x080001a3   Thumb Code     0  startup_stm32f10x_md.o(.text)
    WWDG_IRQHandler                          0x080001a3   Thumb Code     0  startup_stm32f10x_md.o(.text)
    __user_initial_stackheap                 0x080001a5   Thumb Code     0  startup_stm32f10x_md.o(.text)
    NVIC_Configuration                       0x080001c9   Thumb Code    40  main.o(.text)
    system_init                              0x080001f1   Thumb Code    48  main.o(.text)
    main                                     0x08000221   Thumb Code    24  main.o(.text)
    NMI_Handler                              0x0800023d   Thumb Code     2  stm32f10x_it.o(.text)
    HardFault_Handler                        0x0800023f   Thumb Code     4  stm32f10x_it.o(.text)
    MemManage_Handler                        0x08000243   Thumb Code     4  stm32f10x_it.o(.text)
    BusFault_Handler                         0x08000247   Thumb Code     4  stm32f10x_it.o(.text)
    UsageFault_Handler                       0x0800024b   Thumb Code     4  stm32f10x_it.o(.text)
    SVC_Handler                              0x0800024f   Thumb Code     2  stm32f10x_it.o(.text)
    DebugMon_Handler                         0x08000251   Thumb Code     2  stm32f10x_it.o(.text)
    PendSV_Handler                           0x08000253   Thumb Code     2  stm32f10x_it.o(.text)
    SysTick_Handler                          0x08000255   Thumb Code    12  stm32f10x_it.o(.text)
    EXTI9_5_IRQHandler                       0x08000261   Thumb Code     2  stm32f10x_it.o(.text)
    USART1_IRQHandler                        0x08000263   Thumb Code     8  stm32f10x_it.o(.text)
    USART2_IRQHandler                        0x0800026b   Thumb Code    50  stm32f10x_it.o(.text)
    TIM1_UP_IRQHandler                       0x0800029d   Thumb Code   106  stm32f10x_it.o(.text)
    SysTick_IRQ                              0x08000331   Thumb Code    62  systick.o(.text)
    SysTick_Init                             0x0800036f   Thumb Code   106  systick.o(.text)
    Delay_us                                 0x080003d9   Thumb Code    36  systick.o(.text)
    TimingDelay_Decrement                    0x080003fd   Thumb Code    18  systick.o(.text)
    USART1_Config                            0x08000439   Thumb Code   142  usart.o(.text)
    USART2_Config                            0x080004c7   Thumb Code   146  usart.o(.text)
    fputc                                    0x08000559   Thumb Code    32  usart.o(.text)
    USART_printf                             0x080005db   Thumb Code   262  usart.o(.text)
    Uart1_Init                               0x080006e1   Thumb Code   168  usart.o(.text)
    g_v_Uart1Init                            0x08000789   Thumb Code   168  usart.o(.text)
    g_v_Uart1_IRQ                            0x08000831   Thumb Code   108  usart.o(.text)
    g_v_Uart1PutBuf                          0x0800089d   Thumb Code    66  usart.o(.text)
    g_v_DataSendStatus                       0x080008f1   Thumb Code   332  datatransfer.o(.text)
    g_v_DataSendSenser                       0x08000a3d   Thumb Code   308  datatransfer.o(.text)
    g_v_DataSendRC                           0x08000b71   Thumb Code   246  datatransfer.o(.text)
    g_v_DataSendPwm                          0x08000c67   Thumb Code   228  datatransfer.o(.text)
    NRF_Write_Reg                            0x08000d51   Thumb Code    44  nrf24l01.o(.text)
    NRF_Read_Reg                             0x08000d7d   Thumb Code    42  nrf24l01.o(.text)
    NRF_Write_Buf                            0x08000da7   Thumb Code    62  nrf24l01.o(.text)
    NRF_Read_Buf                             0x08000de5   Thumb Code    64  nrf24l01.o(.text)
    g_v_NrfTxPacket                          0x08000e25   Thumb Code    44  nrf24l01.o(.text)
    NRF_TxPacket_AP                          0x08000e51   Thumb Code    34  nrf24l01.o(.text)
    Nrf24l01_Check                           0x08000e73   Thumb Code    62  nrf24l01.o(.text)
    Nrf24l01_Init                            0x08000eb1   Thumb Code   238  nrf24l01.o(.text)
    Nrf_Check_Event                          0x08000f9f   Thumb Code    66  nrf24l01.o(.text)
    Spi2_Init                                0x08000ff1   Thumb Code   168  spi.o(.text)
    Spi_RW                                   0x08001099   Thumb Code    50  spi.o(.text)
    g_v_ADCInit                              0x080010d5   Thumb Code   346  adc.o(.text)
    KeyCheck                                 0x0800122f   Thumb Code   930  adc.o(.text)
    g_v_AdcCalculate                         0x080015d1   Thumb Code   452  adc.o(.text)
    READ_RC_OFFSET                           0x080017b9   Thumb Code     2  param.o(.text)
    READ_CONF                                0x080017bb   Thumb Code     8  param.o(.text)
    Param_Init                               0x080017c3   Thumb Code     8  param.o(.text)
    SAVE_RC_OFFSET                           0x080017cb   Thumb Code     2  param.o(.text)
    ANO_Param_Read                           0x080017cd   Thumb Code    12  stmflash.o(.text)
    ANO_Param_Save                           0x080017d9   Thumb Code    12  stmflash.o(.text)
    PID_Save_Overtime                        0x080017e5   Thumb Code    46  stmflash.o(.text)
    ANO_Flash_Read                           0x0800181d   Thumb Code    66  drv_flash.o(.text)
    ANO_Flash_Write                          0x0800185f   Thumb Code   102  drv_flash.o(.text)
    SystemInit                               0x080019a7   Thumb Code    78  system_stm32f10x.o(.text)
    SystemCoreClockUpdate                    0x080019f5   Thumb Code   142  system_stm32f10x.o(.text)
    NVIC_PriorityGroupConfig                 0x08001aa9   Thumb Code    10  misc.o(.text)
    NVIC_Init                                0x08001ab3   Thumb Code   100  misc.o(.text)
    NVIC_SetVectorTable                      0x08001b17   Thumb Code    14  misc.o(.text)
    NVIC_SystemLPConfig                      0x08001b25   Thumb Code    34  misc.o(.text)
    SysTick_CLKSourceConfig                  0x08001b47   Thumb Code    40  misc.o(.text)
    ADC_DeInit                               0x08001b85   Thumb Code    78  stm32f10x_adc.o(.text)
    ADC_Init                                 0x08001bd3   Thumb Code    70  stm32f10x_adc.o(.text)
    ADC_StructInit                           0x08001c19   Thumb Code    18  stm32f10x_adc.o(.text)
    ADC_Cmd                                  0x08001c2b   Thumb Code    22  stm32f10x_adc.o(.text)
    ADC_DMACmd                               0x08001c41   Thumb Code    22  stm32f10x_adc.o(.text)
    ADC_ITConfig                             0x08001c57   Thumb Code    24  stm32f10x_adc.o(.text)
    ADC_ResetCalibration                     0x08001c6f   Thumb Code    10  stm32f10x_adc.o(.text)
    ADC_GetResetCalibrationStatus            0x08001c79   Thumb Code    20  stm32f10x_adc.o(.text)
    ADC_StartCalibration                     0x08001c8d   Thumb Code    10  stm32f10x_adc.o(.text)
    ADC_GetCalibrationStatus                 0x08001c97   Thumb Code    20  stm32f10x_adc.o(.text)
    ADC_SoftwareStartConvCmd                 0x08001cab   Thumb Code    22  stm32f10x_adc.o(.text)
    ADC_GetSoftwareStartConvStatus           0x08001cc1   Thumb Code    20  stm32f10x_adc.o(.text)
    ADC_DiscModeChannelCountConfig           0x08001cd5   Thumb Code    24  stm32f10x_adc.o(.text)
    ADC_DiscModeCmd                          0x08001ced   Thumb Code    22  stm32f10x_adc.o(.text)
    ADC_RegularChannelConfig                 0x08001d03   Thumb Code   184  stm32f10x_adc.o(.text)
    ADC_ExternalTrigConvCmd                  0x08001dbb   Thumb Code    22  stm32f10x_adc.o(.text)
    ADC_GetConversionValue                   0x08001dd1   Thumb Code     8  stm32f10x_adc.o(.text)
    ADC_GetDualModeConversionValue           0x08001dd9   Thumb Code     8  stm32f10x_adc.o(.text)
    ADC_AutoInjectedConvCmd                  0x08001de1   Thumb Code    22  stm32f10x_adc.o(.text)
    ADC_InjectedDiscModeCmd                  0x08001df7   Thumb Code    22  stm32f10x_adc.o(.text)
    ADC_ExternalTrigInjectedConvConfig       0x08001e0d   Thumb Code    16  stm32f10x_adc.o(.text)
    ADC_ExternalTrigInjectedConvCmd          0x08001e1d   Thumb Code    22  stm32f10x_adc.o(.text)
    ADC_SoftwareStartInjectedConvCmd         0x08001e33   Thumb Code    22  stm32f10x_adc.o(.text)
    ADC_GetSoftwareStartInjectedConvCmdStatus 0x08001e49   Thumb Code    20  stm32f10x_adc.o(.text)
    ADC_InjectedChannelConfig                0x08001e5d   Thumb Code   130  stm32f10x_adc.o(.text)
    ADC_InjectedSequencerLengthConfig        0x08001edf   Thumb Code    24  stm32f10x_adc.o(.text)
    ADC_SetInjectedOffset                    0x08001ef7   Thumb Code    20  stm32f10x_adc.o(.text)
    ADC_GetInjectedConversionValue           0x08001f0b   Thumb Code    28  stm32f10x_adc.o(.text)
    ADC_AnalogWatchdogCmd                    0x08001f27   Thumb Code    16  stm32f10x_adc.o(.text)
    ADC_AnalogWatchdogThresholdsConfig       0x08001f37   Thumb Code     6  stm32f10x_adc.o(.text)
    ADC_AnalogWatchdogSingleChannelConfig    0x08001f3d   Thumb Code    16  stm32f10x_adc.o(.text)
    ADC_TempSensorVrefintCmd                 0x08001f4d   Thumb Code    64  stm32f10x_adc.o(.text)
    ADC_GetFlagStatus                        0x08001f8d   Thumb Code    18  stm32f10x_adc.o(.text)
    ADC_ClearFlag                            0x08001f9f   Thumb Code     6  stm32f10x_adc.o(.text)
    ADC_GetITStatus                          0x08001fa5   Thumb Code    36  stm32f10x_adc.o(.text)
    ADC_ClearITPendingBit                    0x08001fc9   Thumb Code    10  stm32f10x_adc.o(.text)
    DMA_DeInit                               0x08001fd5   Thumb Code   324  stm32f10x_dma.o(.text)
    DMA_Init                                 0x08002119   Thumb Code    60  stm32f10x_dma.o(.text)
    DMA_StructInit                           0x08002155   Thumb Code    26  stm32f10x_dma.o(.text)
    DMA_Cmd                                  0x0800216f   Thumb Code    24  stm32f10x_dma.o(.text)
    DMA_ITConfig                             0x08002187   Thumb Code    18  stm32f10x_dma.o(.text)
    DMA_SetCurrDataCounter                   0x08002199   Thumb Code     4  stm32f10x_dma.o(.text)
    DMA_GetCurrDataCounter                   0x0800219d   Thumb Code     8  stm32f10x_dma.o(.text)
    DMA_GetFlagStatus                        0x080021a5   Thumb Code    40  stm32f10x_dma.o(.text)
    DMA_ClearFlag                            0x080021cd   Thumb Code    22  stm32f10x_dma.o(.text)
    DMA_GetITStatus                          0x080021e3   Thumb Code    40  stm32f10x_dma.o(.text)
    DMA_ClearITPendingBit                    0x0800220b   Thumb Code    22  stm32f10x_dma.o(.text)
    FLASH_SetLatency                         0x08002229   Thumb Code    18  stm32f10x_flash.o(.text)
    FLASH_HalfCycleAccessCmd                 0x0800223b   Thumb Code    22  stm32f10x_flash.o(.text)
    FLASH_PrefetchBufferCmd                  0x08002251   Thumb Code    22  stm32f10x_flash.o(.text)
    FLASH_Unlock                             0x08002267   Thumb Code    12  stm32f10x_flash.o(.text)
    FLASH_UnlockBank1                        0x08002273   Thumb Code    12  stm32f10x_flash.o(.text)
    FLASH_Lock                               0x0800227f   Thumb Code    14  stm32f10x_flash.o(.text)
    FLASH_LockBank1                          0x0800228d   Thumb Code    14  stm32f10x_flash.o(.text)
    FLASH_GetBank1Status                     0x0800229b   Thumb Code    48  stm32f10x_flash.o(.text)
    FLASH_WaitForLastOperation               0x080022cb   Thumb Code    38  stm32f10x_flash.o(.text)
    FLASH_ErasePage                          0x080022f1   Thumb Code    72  stm32f10x_flash.o(.text)
    FLASH_EraseAllPages                      0x08002339   Thumb Code    68  stm32f10x_flash.o(.text)
    FLASH_WaitForLastBank1Operation          0x0800237d   Thumb Code    38  stm32f10x_flash.o(.text)
    FLASH_EraseAllBank1Pages                 0x080023a3   Thumb Code    68  stm32f10x_flash.o(.text)
    FLASH_GetReadOutProtectionStatus         0x080023e7   Thumb Code    20  stm32f10x_flash.o(.text)
    FLASH_EraseOptionBytes                   0x080023fb   Thumb Code   150  stm32f10x_flash.o(.text)
    FLASH_ProgramWord                        0x08002491   Thumb Code   102  stm32f10x_flash.o(.text)
    FLASH_ProgramHalfWord                    0x080024f7   Thumb Code    60  stm32f10x_flash.o(.text)
    FLASH_ProgramOptionByteData              0x08002533   Thumb Code    72  stm32f10x_flash.o(.text)
    FLASH_EnableWriteProtection              0x0800257b   Thumb Code   200  stm32f10x_flash.o(.text)
    FLASH_ReadOutProtection                  0x08002643   Thumb Code   156  stm32f10x_flash.o(.text)
    FLASH_UserOptionByteConfig               0x080026df   Thumb Code    88  stm32f10x_flash.o(.text)
    FLASH_GetUserOptionByte                  0x08002737   Thumb Code     8  stm32f10x_flash.o(.text)
    FLASH_GetWriteProtectionOptionByte       0x0800273f   Thumb Code     6  stm32f10x_flash.o(.text)
    FLASH_GetPrefetchBufferStatus            0x08002745   Thumb Code    20  stm32f10x_flash.o(.text)
    FLASH_ITConfig                           0x08002759   Thumb Code    26  stm32f10x_flash.o(.text)
    FLASH_GetFlagStatus                      0x08002773   Thumb Code    42  stm32f10x_flash.o(.text)
    FLASH_ClearFlag                          0x0800279d   Thumb Code     6  stm32f10x_flash.o(.text)
    FLASH_GetStatus                          0x080027a3   Thumb Code    48  stm32f10x_flash.o(.text)
    GPIO_DeInit                              0x080027e5   Thumb Code   172  stm32f10x_gpio.o(.text)
    GPIO_AFIODeInit                          0x08002891   Thumb Code    20  stm32f10x_gpio.o(.text)
    GPIO_Init                                0x080028a5   Thumb Code   278  stm32f10x_gpio.o(.text)
    GPIO_StructInit                          0x080029bb   Thumb Code    16  stm32f10x_gpio.o(.text)
    GPIO_ReadInputDataBit                    0x080029cb   Thumb Code    18  stm32f10x_gpio.o(.text)
    GPIO_ReadInputData                       0x080029dd   Thumb Code     8  stm32f10x_gpio.o(.text)
    GPIO_ReadOutputDataBit                   0x080029e5   Thumb Code    18  stm32f10x_gpio.o(.text)
    GPIO_ReadOutputData                      0x080029f7   Thumb Code     8  stm32f10x_gpio.o(.text)
    GPIO_SetBits                             0x080029ff   Thumb Code     4  stm32f10x_gpio.o(.text)
    GPIO_ResetBits                           0x08002a03   Thumb Code     4  stm32f10x_gpio.o(.text)
    GPIO_WriteBit                            0x08002a07   Thumb Code    10  stm32f10x_gpio.o(.text)
    GPIO_Write                               0x08002a11   Thumb Code     4  stm32f10x_gpio.o(.text)
    GPIO_PinLockConfig                       0x08002a15   Thumb Code    18  stm32f10x_gpio.o(.text)
    GPIO_EventOutputConfig                   0x08002a27   Thumb Code    26  stm32f10x_gpio.o(.text)
    GPIO_EventOutputCmd                      0x08002a41   Thumb Code     6  stm32f10x_gpio.o(.text)
    GPIO_PinRemapConfig                      0x08002a47   Thumb Code   138  stm32f10x_gpio.o(.text)
    GPIO_EXTILineConfig                      0x08002ad1   Thumb Code    66  stm32f10x_gpio.o(.text)
    GPIO_ETH_MediaInterfaceConfig            0x08002b13   Thumb Code     8  stm32f10x_gpio.o(.text)
    RCC_DeInit                               0x08002b41   Thumb Code    64  stm32f10x_rcc.o(.text)
    RCC_HSEConfig                            0x08002b81   Thumb Code    70  stm32f10x_rcc.o(.text)
    RCC_GetFlagStatus                        0x08002bc7   Thumb Code    56  stm32f10x_rcc.o(.text)
    RCC_WaitForHSEStartUp                    0x08002bff   Thumb Code    56  stm32f10x_rcc.o(.text)
    RCC_AdjustHSICalibrationValue            0x08002c37   Thumb Code    20  stm32f10x_rcc.o(.text)
    RCC_HSICmd                               0x08002c4b   Thumb Code     6  stm32f10x_rcc.o(.text)
    RCC_PLLConfig                            0x08002c51   Thumb Code    24  stm32f10x_rcc.o(.text)
    RCC_PLLCmd                               0x08002c69   Thumb Code     6  stm32f10x_rcc.o(.text)
    RCC_SYSCLKConfig                         0x08002c6f   Thumb Code    18  stm32f10x_rcc.o(.text)
    RCC_GetSYSCLKSource                      0x08002c81   Thumb Code    10  stm32f10x_rcc.o(.text)
    RCC_HCLKConfig                           0x08002c8b   Thumb Code    18  stm32f10x_rcc.o(.text)
    RCC_PCLK1Config                          0x08002c9d   Thumb Code    18  stm32f10x_rcc.o(.text)
    RCC_PCLK2Config                          0x08002caf   Thumb Code    20  stm32f10x_rcc.o(.text)
    RCC_ITConfig                             0x08002cc3   Thumb Code    26  stm32f10x_rcc.o(.text)
    RCC_USBCLKConfig                         0x08002cdd   Thumb Code     8  stm32f10x_rcc.o(.text)
    RCC_ADCCLKConfig                         0x08002ce5   Thumb Code    18  stm32f10x_rcc.o(.text)
    RCC_LSEConfig                            0x08002cf7   Thumb Code    50  stm32f10x_rcc.o(.text)
    RCC_LSICmd                               0x08002d29   Thumb Code     6  stm32f10x_rcc.o(.text)
    RCC_RTCCLKConfig                         0x08002d2f   Thumb Code    12  stm32f10x_rcc.o(.text)
    RCC_RTCCLKCmd                            0x08002d3b   Thumb Code     8  stm32f10x_rcc.o(.text)
    RCC_GetClocksFreq                        0x08002d43   Thumb Code   192  stm32f10x_rcc.o(.text)
    RCC_AHBPeriphClockCmd                    0x08002e03   Thumb Code    26  stm32f10x_rcc.o(.text)
    RCC_APB2PeriphClockCmd                   0x08002e1d   Thumb Code    26  stm32f10x_rcc.o(.text)
    RCC_APB1PeriphClockCmd                   0x08002e37   Thumb Code    26  stm32f10x_rcc.o(.text)
    RCC_APB2PeriphResetCmd                   0x08002e51   Thumb Code    26  stm32f10x_rcc.o(.text)
    RCC_APB1PeriphResetCmd                   0x08002e6b   Thumb Code    26  stm32f10x_rcc.o(.text)
    RCC_BackupResetCmd                       0x08002e85   Thumb Code     8  stm32f10x_rcc.o(.text)
    RCC_ClockSecuritySystemCmd               0x08002e8d   Thumb Code     6  stm32f10x_rcc.o(.text)
    RCC_MCOConfig                            0x08002e93   Thumb Code     6  stm32f10x_rcc.o(.text)
    RCC_ClearFlag                            0x08002e99   Thumb Code    14  stm32f10x_rcc.o(.text)
    RCC_GetITStatus                          0x08002ea7   Thumb Code    20  stm32f10x_rcc.o(.text)
    RCC_ClearITPendingBit                    0x08002ebb   Thumb Code     6  stm32f10x_rcc.o(.text)
    SPI_I2S_DeInit                           0x08002ee5   Thumb Code    76  stm32f10x_spi.o(.text)
    SPI_Init                                 0x08002f31   Thumb Code    60  stm32f10x_spi.o(.text)
    I2S_Init                                 0x08002f6d   Thumb Code   226  stm32f10x_spi.o(.text)
    SPI_StructInit                           0x0800304f   Thumb Code    24  stm32f10x_spi.o(.text)
    I2S_StructInit                           0x08003067   Thumb Code    20  stm32f10x_spi.o(.text)
    SPI_Cmd                                  0x0800307b   Thumb Code    24  stm32f10x_spi.o(.text)
    I2S_Cmd                                  0x08003093   Thumb Code    24  stm32f10x_spi.o(.text)
    SPI_I2S_ITConfig                         0x080030ab   Thumb Code    32  stm32f10x_spi.o(.text)
    SPI_I2S_DMACmd                           0x080030cb   Thumb Code    18  stm32f10x_spi.o(.text)
    SPI_I2S_SendData                         0x080030dd   Thumb Code     4  stm32f10x_spi.o(.text)
    SPI_I2S_ReceiveData                      0x080030e1   Thumb Code     6  stm32f10x_spi.o(.text)
    SPI_NSSInternalSoftwareConfig            0x080030e7   Thumb Code    30  stm32f10x_spi.o(.text)
    SPI_SSOutputCmd                          0x08003105   Thumb Code    24  stm32f10x_spi.o(.text)
    SPI_DataSizeConfig                       0x0800311d   Thumb Code    18  stm32f10x_spi.o(.text)
    SPI_TransmitCRC                          0x0800312f   Thumb Code    10  stm32f10x_spi.o(.text)
    SPI_CalculateCRC                         0x08003139   Thumb Code    24  stm32f10x_spi.o(.text)
    SPI_GetCRC                               0x08003151   Thumb Code    16  stm32f10x_spi.o(.text)
    SPI_GetCRCPolynomial                     0x08003161   Thumb Code     6  stm32f10x_spi.o(.text)
    SPI_BiDirectionalLineConfig              0x08003167   Thumb Code    28  stm32f10x_spi.o(.text)
    SPI_I2S_GetFlagStatus                    0x08003183   Thumb Code    18  stm32f10x_spi.o(.text)
    SPI_I2S_ClearFlag                        0x08003195   Thumb Code     6  stm32f10x_spi.o(.text)
    SPI_I2S_GetITStatus                      0x0800319b   Thumb Code    52  stm32f10x_spi.o(.text)
    SPI_I2S_ClearITPendingBit                0x080031cf   Thumb Code    20  stm32f10x_spi.o(.text)
    TIM_DeInit                               0x080031f1   Thumb Code   424  stm32f10x_tim.o(.text)
    TIM_TimeBaseInit                         0x08003399   Thumb Code   122  stm32f10x_tim.o(.text)
    TIM_OC1Init                              0x08003413   Thumb Code   132  stm32f10x_tim.o(.text)
    TIM_OC2Init                              0x08003497   Thumb Code   154  stm32f10x_tim.o(.text)
    TIM_OC3Init                              0x08003531   Thumb Code   150  stm32f10x_tim.o(.text)
    TIM_OC4Init                              0x080035c7   Thumb Code   182  stm32f10x_tim.o(.text)
    TIM_SetIC4Prescaler                      0x0800367d   Thumb Code    26  stm32f10x_tim.o(.text)
    TIM_SetIC3Prescaler                      0x08003719   Thumb Code    18  stm32f10x_tim.o(.text)
    TIM_SetIC2Prescaler                      0x080037a5   Thumb Code    26  stm32f10x_tim.o(.text)
    TIM_SetIC1Prescaler                      0x08003841   Thumb Code    18  stm32f10x_tim.o(.text)
    TIM_ICInit                               0x080038bf   Thumb Code   150  stm32f10x_tim.o(.text)
    TIM_PWMIConfig                           0x08003955   Thumb Code   124  stm32f10x_tim.o(.text)
    TIM_BDTRConfig                           0x080039d1   Thumb Code    32  stm32f10x_tim.o(.text)
    TIM_TimeBaseStructInit                   0x080039f1   Thumb Code    18  stm32f10x_tim.o(.text)
    TIM_OCStructInit                         0x08003a03   Thumb Code    20  stm32f10x_tim.o(.text)
    TIM_ICStructInit                         0x08003a17   Thumb Code    18  stm32f10x_tim.o(.text)
    TIM_BDTRStructInit                       0x08003a29   Thumb Code    40  stm32f10x_tim.o(.text)
    TIM_Cmd                                  0x08003a51   Thumb Code    24  stm32f10x_tim.o(.text)
    TIM_CtrlPWMOutputs                       0x08003a69   Thumb Code    30  stm32f10x_tim.o(.text)
    TIM_ITConfig                             0x08003a87   Thumb Code    18  stm32f10x_tim.o(.text)
    TIM_GenerateEvent                        0x08003a99   Thumb Code     4  stm32f10x_tim.o(.text)
    TIM_DMAConfig                            0x08003a9d   Thumb Code    10  stm32f10x_tim.o(.text)
    TIM_DMACmd                               0x08003aa7   Thumb Code    18  stm32f10x_tim.o(.text)
    TIM_InternalClockConfig                  0x08003ab9   Thumb Code    12  stm32f10x_tim.o(.text)
    TIM_SelectInputTrigger                   0x08003ac5   Thumb Code    18  stm32f10x_tim.o(.text)
    TIM_ITRxExternalClockConfig              0x08003ad7   Thumb Code    24  stm32f10x_tim.o(.text)
    TIM_TIxExternalClockConfig               0x08003aef   Thumb Code    62  stm32f10x_tim.o(.text)
    TIM_ETRConfig                            0x08003b2d   Thumb Code    28  stm32f10x_tim.o(.text)
    TIM_ETRClockMode1Config                  0x08003b49   Thumb Code    54  stm32f10x_tim.o(.text)
    TIM_ETRClockMode2Config                  0x08003b7f   Thumb Code    32  stm32f10x_tim.o(.text)
    TIM_PrescalerConfig                      0x08003b9f   Thumb Code     6  stm32f10x_tim.o(.text)
    TIM_CounterModeConfig                    0x08003ba5   Thumb Code    18  stm32f10x_tim.o(.text)
    TIM_EncoderInterfaceConfig               0x08003bb7   Thumb Code    66  stm32f10x_tim.o(.text)
    TIM_ForcedOC1Config                      0x08003bf9   Thumb Code    18  stm32f10x_tim.o(.text)
    TIM_ForcedOC2Config                      0x08003c0b   Thumb Code    26  stm32f10x_tim.o(.text)
    TIM_ForcedOC3Config                      0x08003c25   Thumb Code    18  stm32f10x_tim.o(.text)
    TIM_ForcedOC4Config                      0x08003c37   Thumb Code    26  stm32f10x_tim.o(.text)
    TIM_ARRPreloadConfig                     0x08003c51   Thumb Code    24  stm32f10x_tim.o(.text)
    TIM_SelectCOM                            0x08003c69   Thumb Code    24  stm32f10x_tim.o(.text)
    TIM_SelectCCDMA                          0x08003c81   Thumb Code    24  stm32f10x_tim.o(.text)
    TIM_CCPreloadControl                     0x08003c99   Thumb Code    24  stm32f10x_tim.o(.text)
    TIM_OC1PreloadConfig                     0x08003cb1   Thumb Code    18  stm32f10x_tim.o(.text)
    TIM_OC2PreloadConfig                     0x08003cc3   Thumb Code    26  stm32f10x_tim.o(.text)
    TIM_OC3PreloadConfig                     0x08003cdd   Thumb Code    18  stm32f10x_tim.o(.text)
    TIM_OC4PreloadConfig                     0x08003cef   Thumb Code    26  stm32f10x_tim.o(.text)
    TIM_OC1FastConfig                        0x08003d09   Thumb Code    18  stm32f10x_tim.o(.text)
    TIM_OC2FastConfig                        0x08003d1b   Thumb Code    26  stm32f10x_tim.o(.text)
    TIM_OC3FastConfig                        0x08003d35   Thumb Code    18  stm32f10x_tim.o(.text)
    TIM_OC4FastConfig                        0x08003d47   Thumb Code    26  stm32f10x_tim.o(.text)
    TIM_ClearOC1Ref                          0x08003d61   Thumb Code    18  stm32f10x_tim.o(.text)
    TIM_ClearOC2Ref                          0x08003d73   Thumb Code    24  stm32f10x_tim.o(.text)
    TIM_ClearOC3Ref                          0x08003d8b   Thumb Code    18  stm32f10x_tim.o(.text)
    TIM_ClearOC4Ref                          0x08003d9d   Thumb Code    24  stm32f10x_tim.o(.text)
    TIM_OC1PolarityConfig                    0x08003db5   Thumb Code    18  stm32f10x_tim.o(.text)
    TIM_OC1NPolarityConfig                   0x08003dc7   Thumb Code    18  stm32f10x_tim.o(.text)
    TIM_OC2PolarityConfig                    0x08003dd9   Thumb Code    26  stm32f10x_tim.o(.text)
    TIM_OC2NPolarityConfig                   0x08003df3   Thumb Code    26  stm32f10x_tim.o(.text)
    TIM_OC3PolarityConfig                    0x08003e0d   Thumb Code    26  stm32f10x_tim.o(.text)
    TIM_OC3NPolarityConfig                   0x08003e27   Thumb Code    26  stm32f10x_tim.o(.text)
    TIM_OC4PolarityConfig                    0x08003e41   Thumb Code    26  stm32f10x_tim.o(.text)
    TIM_CCxCmd                               0x08003e5b   Thumb Code    30  stm32f10x_tim.o(.text)
    TIM_CCxNCmd                              0x08003e79   Thumb Code    30  stm32f10x_tim.o(.text)
    TIM_SelectOCxM                           0x08003e97   Thumb Code    82  stm32f10x_tim.o(.text)
    TIM_UpdateDisableConfig                  0x08003ee9   Thumb Code    24  stm32f10x_tim.o(.text)
    TIM_UpdateRequestConfig                  0x08003f01   Thumb Code    24  stm32f10x_tim.o(.text)
    TIM_SelectHallSensor                     0x08003f19   Thumb Code    24  stm32f10x_tim.o(.text)
    TIM_SelectOnePulseMode                   0x08003f31   Thumb Code    18  stm32f10x_tim.o(.text)
    TIM_SelectOutputTrigger                  0x08003f43   Thumb Code    18  stm32f10x_tim.o(.text)
    TIM_SelectSlaveMode                      0x08003f55   Thumb Code    18  stm32f10x_tim.o(.text)
    TIM_SelectMasterSlaveMode                0x08003f67   Thumb Code    18  stm32f10x_tim.o(.text)
    TIM_SetCounter                           0x08003f79   Thumb Code     4  stm32f10x_tim.o(.text)
    TIM_SetAutoreload                        0x08003f7d   Thumb Code     4  stm32f10x_tim.o(.text)
    TIM_SetCompare1                          0x08003f81   Thumb Code     4  stm32f10x_tim.o(.text)
    TIM_SetCompare2                          0x08003f85   Thumb Code     4  stm32f10x_tim.o(.text)
    TIM_SetCompare3                          0x08003f89   Thumb Code     4  stm32f10x_tim.o(.text)
    TIM_SetCompare4                          0x08003f8d   Thumb Code     6  stm32f10x_tim.o(.text)
    TIM_SetClockDivision                     0x08003f93   Thumb Code    18  stm32f10x_tim.o(.text)
    TIM_GetCapture1                          0x08003fa5   Thumb Code     6  stm32f10x_tim.o(.text)
    TIM_GetCapture2                          0x08003fab   Thumb Code     6  stm32f10x_tim.o(.text)
    TIM_GetCapture3                          0x08003fb1   Thumb Code     6  stm32f10x_tim.o(.text)
    TIM_GetCapture4                          0x08003fb7   Thumb Code     8  stm32f10x_tim.o(.text)
    TIM_GetCounter                           0x08003fbf   Thumb Code     6  stm32f10x_tim.o(.text)
    TIM_GetPrescaler                         0x08003fc5   Thumb Code     6  stm32f10x_tim.o(.text)
    TIM_GetFlagStatus                        0x08003fcb   Thumb Code    18  stm32f10x_tim.o(.text)
    TIM_ClearFlag                            0x08003fdd   Thumb Code     6  stm32f10x_tim.o(.text)
    TIM_GetITStatus                          0x08003fe3   Thumb Code    34  stm32f10x_tim.o(.text)
    TIM_ClearITPendingBit                    0x08004005   Thumb Code     6  stm32f10x_tim.o(.text)
    USART_DeInit                             0x0800400d   Thumb Code   134  stm32f10x_usart.o(.text)
    USART_Init                               0x08004093   Thumb Code   210  stm32f10x_usart.o(.text)
    USART_StructInit                         0x08004165   Thumb Code    24  stm32f10x_usart.o(.text)
    USART_ClockInit                          0x0800417d   Thumb Code    34  stm32f10x_usart.o(.text)
    USART_ClockStructInit                    0x0800419f   Thumb Code    12  stm32f10x_usart.o(.text)
    USART_Cmd                                0x080041ab   Thumb Code    24  stm32f10x_usart.o(.text)
    USART_ITConfig                           0x080041c3   Thumb Code    74  stm32f10x_usart.o(.text)
    USART_DMACmd                             0x0800420d   Thumb Code    18  stm32f10x_usart.o(.text)
    USART_SetAddress                         0x0800421f   Thumb Code    18  stm32f10x_usart.o(.text)
    USART_WakeUpConfig                       0x08004231   Thumb Code    18  stm32f10x_usart.o(.text)
    USART_ReceiverWakeUpCmd                  0x08004243   Thumb Code    24  stm32f10x_usart.o(.text)
    USART_LINBreakDetectLengthConfig         0x0800425b   Thumb Code    18  stm32f10x_usart.o(.text)
    USART_LINCmd                             0x0800426d   Thumb Code    24  stm32f10x_usart.o(.text)
    USART_SendData                           0x08004285   Thumb Code     8  stm32f10x_usart.o(.text)
    USART_ReceiveData                        0x0800428d   Thumb Code    10  stm32f10x_usart.o(.text)
    USART_SendBreak                          0x08004297   Thumb Code    10  stm32f10x_usart.o(.text)
    USART_SetGuardTime                       0x080042a1   Thumb Code    16  stm32f10x_usart.o(.text)
    USART_SetPrescaler                       0x080042b1   Thumb Code    16  stm32f10x_usart.o(.text)
    USART_SmartCardCmd                       0x080042c1   Thumb Code    24  stm32f10x_usart.o(.text)
    USART_SmartCardNACKCmd                   0x080042d9   Thumb Code    24  stm32f10x_usart.o(.text)
    USART_HalfDuplexCmd                      0x080042f1   Thumb Code    24  stm32f10x_usart.o(.text)
    USART_OverSampling8Cmd                   0x08004309   Thumb Code    22  stm32f10x_usart.o(.text)
    USART_OneBitMethodCmd                    0x0800431f   Thumb Code    24  stm32f10x_usart.o(.text)
    USART_IrDAConfig                         0x08004337   Thumb Code    18  stm32f10x_usart.o(.text)
    USART_IrDACmd                            0x08004349   Thumb Code    24  stm32f10x_usart.o(.text)
    USART_GetFlagStatus                      0x08004361   Thumb Code    26  stm32f10x_usart.o(.text)
    USART_ClearFlag                          0x0800437b   Thumb Code    18  stm32f10x_usart.o(.text)
    USART_GetITStatus                        0x0800438d   Thumb Code    84  stm32f10x_usart.o(.text)
    USART_ClearITPendingBit                  0x080043e1   Thumb Code    52  stm32f10x_usart.o(.text)
    __use_two_region_memory                  0x08004415   Thumb Code     2  heapauxi.o(.text)
    __rt_heap_escrow$2region                 0x08004417   Thumb Code     2  heapauxi.o(.text)
    __rt_heap_expand$2region                 0x08004419   Thumb Code     2  heapauxi.o(.text)
    __user_setup_stackheap                   0x0800441b   Thumb Code    74  sys_stackheap_outer.o(.text)
    exit                                     0x08004465   Thumb Code    12  exit.o(.text)
    __user_libspace                          0x08004471   Thumb Code     8  libspace.o(.text)
    __user_perproc_libspace                  0x08004471   Thumb Code     0  libspace.o(.text)
    __user_perthread_libspace                0x08004471   Thumb Code     0  libspace.o(.text)
    _sys_exit                                0x08004479   Thumb Code     8  sys_exit.o(.text)
    __I$use$semihosting                      0x08004485   Thumb Code     0  use_no_semi.o(.text)
    __use_no_semihosting_swi                 0x08004485   Thumb Code     2  use_no_semi.o(.text)
    __semihosting_library_function           0x08004487   Thumb Code     0  indicate_semi.o(.text)
    __aeabi_dadd                             0x08004489   Thumb Code     0  daddsub_clz.o(x$fpl$dadd)
    _dadd                                    0x08004489   Thumb Code   332  daddsub_clz.o(x$fpl$dadd)
    __aeabi_ddiv                             0x080045d9   Thumb Code     0  ddiv.o(x$fpl$ddiv)
    _ddiv                                    0x080045d9   Thumb Code   552  ddiv.o(x$fpl$ddiv)
    __aeabi_d2iz                             0x08004889   Thumb Code     0  dfix.o(x$fpl$dfix)
    _dfix                                    0x08004889   Thumb Code    94  dfix.o(x$fpl$dfix)
    __aeabi_ui2d                             0x080048e7   Thumb Code     0  dflt_clz.o(x$fpl$dfltu)
    _dfltu                                   0x080048e7   Thumb Code    38  dflt_clz.o(x$fpl$dfltu)
    __aeabi_dmul                             0x0800490d   Thumb Code     0  dmul.o(x$fpl$dmul)
    _dmul                                    0x0800490d   Thumb Code   332  dmul.o(x$fpl$dmul)
    __fpl_dnaninf                            0x08004a61   Thumb Code   156  dnaninf.o(x$fpl$dnaninf)
    __fpl_dretinf                            0x08004afd   Thumb Code    12  dretinf.o(x$fpl$dretinf)
    __aeabi_dsub                             0x08004b09   Thumb Code     0  daddsub_clz.o(x$fpl$dsub)
    _dsub                                    0x08004b09   Thumb Code   464  daddsub_clz.o(x$fpl$dsub)
    __aeabi_f2iz                             0x08004cdd   Thumb Code     0  ffix.o(x$fpl$ffix)
    _ffix                                    0x08004cdd   Thumb Code    54  ffix.o(x$fpl$ffix)
    __aeabi_f2uiz                            0x08004d15   Thumb Code     0  ffixu.o(x$fpl$ffixu)
    _ffixu                                   0x08004d15   Thumb Code    62  ffixu.o(x$fpl$ffixu)
    __aeabi_ui2f                             0x08004d55   Thumb Code     0  fflt_clz.o(x$fpl$ffltu)
    _ffltu                                   0x08004d55   Thumb Code    38  fflt_clz.o(x$fpl$ffltu)
    __aeabi_fmul                             0x08004d7d   Thumb Code     0  fmul.o(x$fpl$fmul)
    _fmul                                    0x08004d7d   Thumb Code   258  fmul.o(x$fpl$fmul)
    __fpl_fnaninf                            0x08004e7f   Thumb Code   140  fnaninf.o(x$fpl$fnaninf)
    __fpl_fretinf                            0x08004f0b   Thumb Code    10  fretinf.o(x$fpl$fretinf)
    Region$$Table$$Base                      0x08004f14   Number         0  anon$$obj.o(Region$$Table)
    __I$use$fp                               0x08004f14   Number         0  usenofp.o(x$fpl$usenofp)
    Region$$Table$$Limit                     0x08004f34   Number         0  anon$$obj.o(Region$$Table)
    g_t_Gyro_CMS                             0x20000000   Data           6  main.o(.data)
    g_t_Accel_CMS                            0x20000006   Data           6  main.o(.data)
    g_t_AccelAVG_CMS                         0x2000000c   Data           6  main.o(.data)
    g_vs_Alt_CMS                             0x20000014   Data           4  main.o(.data)
    g_t_Rc_C_CMS                             0x20000018   Data           1  main.o(.data)
    status                                   0x20000019   Data           1  main.o(.data)
    txbuf                                    0x2000001a   Data           4  main.o(.data)
    i                                        0x2000001e   Data           1  stm32f10x_it.o(.data)
    cnt_1ms                                  0x20000028   Data           2  systick.o(.data)
    cnt_2ms                                  0x2000002a   Data           2  systick.o(.data)
    cnt_5ms                                  0x2000002c   Data           2  systick.o(.data)
    cnt_10ms                                 0x2000002e   Data           2  systick.o(.data)
    cnt_30ms                                 0x20000030   Data           2  systick.o(.data)
    g_u8_TimeFlag1ms_SMS                     0x20000032   Data           1  timer.o(.data)
    g_u8_TimeFlag2ms_SMS                     0x20000033   Data           1  timer.o(.data)
    g_u8_TimeFlag3ms_SMS                     0x20000034   Data           1  timer.o(.data)
    g_u8_TimeFlag4ms_SMS                     0x20000035   Data           1  timer.o(.data)
    g_u8_TimeFlag5ms_SMS                     0x20000036   Data           1  timer.o(.data)
    Rec_Bluetooth_Buf                        0x20000037   Data           8  usart.o(.data)
    j                                        0x2000003f   Data           1  usart.o(.data)
    TxCounter                                0x20000040   Data           1  usart.o(.data)
    count                                    0x20000041   Data           1  usart.o(.data)
    TX_ADDRESS                               0x20000042   Data           5  nrf24l01.o(.data)
    RX_ADDRESS                               0x20000047   Data           5  nrf24l01.o(.data)
    KeyDataL                                 0x2000004c   Data           2  adc.o(.data)
    KeyDataR                                 0x2000004e   Data           2  adc.o(.data)
    save_pid_en                              0x20000054   Data           2  stmflash.o(.data)
    SystemCoreClock                          0x20000058   Data           4  system_stm32f10x.o(.data)
    AHBPrescTable                            0x2000005c   Data          16  system_stm32f10x.o(.data)
    g_t_AttAngle_CMS                         0x20000080   Data          12  main.o(.bss)
    g_t_Rc_D_CMS                             0x2000008c   Data          20  main.o(.bss)
    rxbuf                                    0x200000a0   Data          50  main.o(.bss)
    lanya_buf                                0x200000d2   Data         100  stm32f10x_it.o(.bss)
    TxBuffer                                 0x20000136   Data         256  usart.o(.bss)
    g_u8a50_DataSend_SMS                     0x20000236   Data          50  datatransfer.o(.bss)
    NRF24L01_RXDATA                          0x20000268   Data          32  nrf24l01.o(.bss)
    NRF24L01_TXDATA                          0x20000288   Data          32  nrf24l01.o(.bss)
    g_u16a7_ADCValue_CMS                     0x200002a8   Data          14  adc.o(.bss)
    DataTrim                                 0x200002b6   Data          16  stmflash.o(.bss)
    __libspace_start                         0x200002c8   Data          96  libspace.o(.bss)
    __temporary_stack_top$libspace           0x20000328   Data           0  libspace.o(.bss)



==============================================================================

Memory Map of the image

  Image Entry point : 0x080000ed

  Load Region LR_IROM1 (Base: 0x08000000, Size: 0x00004fb4, Max: 0x00010000, ABSOLUTE)

    Execution Region ER_IROM1 (Base: 0x08000000, Size: 0x00004f34, Max: 0x00010000, ABSOLUTE)

    Base Addr    Size         Type   Attr      Idx    E Section Name        Object

    0x08000000   0x000000ec   Data   RO            3    RESET               startup_stm32f10x_md.o
    0x080000ec   0x00000008   Code   RO          881  * !!!main             c_w.l(__main.o)
    0x080000f4   0x00000034   Code   RO         1082    !!!scatter          c_w.l(__scatter.o)
    0x08000128   0x0000001a   Code   RO         1084    !!handler_copy      c_w.l(__scatter_copy.o)
    0x08000142   0x00000002   PAD
    0x08000144   0x0000001c   Code   RO         1086    !!handler_zi        c_w.l(__scatter_zi.o)
    0x08000160   0x00000002   Code   RO          955    .ARM.Collect$$libinit$$00000000  c_w.l(libinit.o)
    0x08000162   0x00000000   Code   RO          962    .ARM.Collect$$libinit$$00000002  c_w.l(libinit2.o)
    0x08000162   0x00000000   Code   RO          965    .ARM.Collect$$libinit$$00000008  c_w.l(libinit2.o)
    0x08000162   0x00000000   Code   RO          967    .ARM.Collect$$libinit$$0000000A  c_w.l(libinit2.o)
    0x08000162   0x00000000   Code   RO          969    .ARM.Collect$$libinit$$0000000C  c_w.l(libinit2.o)
    0x08000162   0x00000000   Code   RO          972    .ARM.Collect$$libinit$$0000000F  c_w.l(libinit2.o)
    0x08000162   0x00000000   Code   RO          974    .ARM.Collect$$libinit$$00000011  c_w.l(libinit2.o)
    0x08000162   0x00000000   Code   RO          976    .ARM.Collect$$libinit$$00000013  c_w.l(libinit2.o)
    0x08000162   0x00000000   Code   RO          978    .ARM.Collect$$libinit$$00000015  c_w.l(libinit2.o)
    0x08000162   0x00000000   Code   RO          980    .ARM.Collect$$libinit$$00000017  c_w.l(libinit2.o)
    0x08000162   0x00000000   Code   RO          982    .ARM.Collect$$libinit$$00000019  c_w.l(libinit2.o)
    0x08000162   0x00000000   Code   RO          984    .ARM.Collect$$libinit$$0000001B  c_w.l(libinit2.o)
    0x08000162   0x00000000   Code   RO          986    .ARM.Collect$$libinit$$0000001D  c_w.l(libinit2.o)
    0x08000162   0x00000000   Code   RO          988    .ARM.Collect$$libinit$$0000001F  c_w.l(libinit2.o)
    0x08000162   0x00000000   Code   RO          990    .ARM.Collect$$libinit$$00000021  c_w.l(libinit2.o)
    0x08000162   0x00000000   Code   RO          992    .ARM.Collect$$libinit$$00000023  c_w.l(libinit2.o)
    0x08000162   0x00000000   Code   RO          996    .ARM.Collect$$libinit$$0000002A  c_w.l(libinit2.o)
    0x08000162   0x00000000   Code   RO          998    .ARM.Collect$$libinit$$0000002C  c_w.l(libinit2.o)
    0x08000162   0x00000000   Code   RO         1000    .ARM.Collect$$libinit$$0000002E  c_w.l(libinit2.o)
    0x08000162   0x00000000   Code   RO         1002    .ARM.Collect$$libinit$$00000030  c_w.l(libinit2.o)
    0x08000162   0x00000002   Code   RO         1003    .ARM.Collect$$libinit$$00000031  c_w.l(libinit2.o)
    0x08000164   0x00000002   Code   RO         1023    .ARM.Collect$$libshutdown$$00000000  c_w.l(libshutdown.o)
    0x08000166   0x00000000   Code   RO         1037    .ARM.Collect$$libshutdown$$00000003  c_w.l(libshutdown2.o)
    0x08000166   0x00000000   Code   RO         1040    .ARM.Collect$$libshutdown$$00000006  c_w.l(libshutdown2.o)
    0x08000166   0x00000000   Code   RO         1043    .ARM.Collect$$libshutdown$$00000009  c_w.l(libshutdown2.o)
    0x08000166   0x00000000   Code   RO         1045    .ARM.Collect$$libshutdown$$0000000B  c_w.l(libshutdown2.o)
    0x08000166   0x00000000   Code   RO         1048    .ARM.Collect$$libshutdown$$0000000E  c_w.l(libshutdown2.o)
    0x08000166   0x00000002   Code   RO         1049    .ARM.Collect$$libshutdown$$0000000F  c_w.l(libshutdown2.o)
    0x08000168   0x00000000   Code   RO          921    .ARM.Collect$$rtentry$$00000000  c_w.l(rtentry.o)
    0x08000168   0x00000000   Code   RO          932    .ARM.Collect$$rtentry$$00000002  c_w.l(rtentry2.o)
    0x08000168   0x00000006   Code   RO          944    .ARM.Collect$$rtentry$$00000004  c_w.l(rtentry4.o)
    0x0800016e   0x00000000   Code   RO          934    .ARM.Collect$$rtentry$$00000009  c_w.l(rtentry2.o)
    0x0800016e   0x00000004   Code   RO          935    .ARM.Collect$$rtentry$$0000000A  c_w.l(rtentry2.o)
    0x08000172   0x00000000   Code   RO          937    .ARM.Collect$$rtentry$$0000000C  c_w.l(rtentry2.o)
    0x08000172   0x00000008   Code   RO          938    .ARM.Collect$$rtentry$$0000000D  c_w.l(rtentry2.o)
    0x0800017a   0x00000002   Code   RO          959    .ARM.Collect$$rtexit$$00000000  c_w.l(rtexit.o)
    0x0800017c   0x00000000   Code   RO         1005    .ARM.Collect$$rtexit$$00000002  c_w.l(rtexit2.o)
    0x0800017c   0x00000004   Code   RO         1006    .ARM.Collect$$rtexit$$00000003  c_w.l(rtexit2.o)
    0x08000180   0x00000006   Code   RO         1007    .ARM.Collect$$rtexit$$00000004  c_w.l(rtexit2.o)
    0x08000186   0x00000002   PAD
    0x08000188   0x00000040   Code   RO            4    .text               startup_stm32f10x_md.o
    0x080001c8   0x00000074   Code   RO           10    .text               main.o
    0x0800023c   0x000000f4   Code   RO          135    .text               stm32f10x_it.o
    0x08000330   0x00000108   Code   RO          225    .text               systick.o
    0x08000438   0x000004b8   Code   RO          287    .text               usart.o
    0x080008f0   0x00000460   Code   RO          313    .text               datatransfer.o
    0x08000d50   0x000002a0   Code   RO          338    .text               nrf24l01.o
    0x08000ff0   0x000000e4   Code   RO          364    .text               spi.o
    0x080010d4   0x000006e4   Code   RO          376    .text               adc.o
    0x080017b8   0x00000014   Code   RO          463    .text               param.o
    0x080017cc   0x00000050   Code   RO          475    .text               stmflash.o
    0x0800181c   0x000000ac   Code   RO          510    .text               drv_flash.o
    0x080018c8   0x000001e0   Code   RO          532    .text               system_stm32f10x.o
    0x08001aa8   0x000000dc   Code   RO          550    .text               misc.o
    0x08001b84   0x0000044e   Code   RO          562    .text               stm32f10x_adc.o
    0x08001fd2   0x00000002   PAD
    0x08001fd4   0x00000254   Code   RO          664    .text               stm32f10x_dma.o
    0x08002228   0x000005bc   Code   RO          688    .text               stm32f10x_flash.o
    0x080027e4   0x0000035c   Code   RO          715    .text               stm32f10x_gpio.o
    0x08002b40   0x000003a4   Code   RO          766    .text               stm32f10x_rcc.o
    0x08002ee4   0x0000030c   Code   RO          807    .text               stm32f10x_spi.o
    0x080031f0   0x00000e1a   Code   RO          819    .text               stm32f10x_tim.o
    0x0800400a   0x00000002   PAD
    0x0800400c   0x00000408   Code   RO          831    .text               stm32f10x_usart.o
    0x08004414   0x00000006   Code   RO          879    .text               c_w.l(heapauxi.o)
    0x0800441a   0x0000004a   Code   RO          946    .text               c_w.l(sys_stackheap_outer.o)
    0x08004464   0x0000000c   Code   RO          948    .text               c_w.l(exit.o)
    0x08004470   0x00000008   Code   RO          956    .text               c_w.l(libspace.o)
    0x08004478   0x0000000c   Code   RO         1015    .text               c_w.l(sys_exit.o)
    0x08004484   0x00000002   Code   RO         1026    .text               c_w.l(use_no_semi.o)
    0x08004486   0x00000000   Code   RO         1028    .text               c_w.l(indicate_semi.o)
    0x08004486   0x00000002   PAD
    0x08004488   0x00000150   Code   RO          883    x$fpl$dadd          fz_ws.l(daddsub_clz.o)
    0x080045d8   0x000002b0   Code   RO          890    x$fpl$ddiv          fz_ws.l(ddiv.o)
    0x08004888   0x0000005e   Code   RO          893    x$fpl$dfix          fz_ws.l(dfix.o)
    0x080048e6   0x00000026   Code   RO          897    x$fpl$dfltu         fz_ws.l(dflt_clz.o)
    0x0800490c   0x00000154   Code   RO          903    x$fpl$dmul          fz_ws.l(dmul.o)
    0x08004a60   0x0000009c   Code   RO          922    x$fpl$dnaninf       fz_ws.l(dnaninf.o)
    0x08004afc   0x0000000c   Code   RO          924    x$fpl$dretinf       fz_ws.l(dretinf.o)
    0x08004b08   0x000001d4   Code   RO          885    x$fpl$dsub          fz_ws.l(daddsub_clz.o)
    0x08004cdc   0x00000036   Code   RO          905    x$fpl$ffix          fz_ws.l(ffix.o)
    0x08004d12   0x00000002   PAD
    0x08004d14   0x0000003e   Code   RO          909    x$fpl$ffixu         fz_ws.l(ffixu.o)
    0x08004d52   0x00000002   PAD
    0x08004d54   0x00000026   Code   RO          913    x$fpl$ffltu         fz_ws.l(fflt_clz.o)
    0x08004d7a   0x00000002   PAD
    0x08004d7c   0x00000102   Code   RO          919    x$fpl$fmul          fz_ws.l(fmul.o)
    0x08004e7e   0x0000008c   Code   RO          926    x$fpl$fnaninf       fz_ws.l(fnaninf.o)
    0x08004f0a   0x0000000a   Code   RO          928    x$fpl$fretinf       fz_ws.l(fretinf.o)
    0x08004f14   0x00000000   Code   RO          930    x$fpl$usenofp       fz_ws.l(usenofp.o)
    0x08004f14   0x00000020   Data   RO         1080    Region$$Table       anon$$obj.o


    Execution Region RW_IRAM1 (Base: 0x20000000, Size: 0x00000928, Max: 0x00005000, ABSOLUTE)

    Base Addr    Size         Type   Attr      Idx    E Section Name        Object

    0x20000000   0x0000001e   Data   RW           12    .data               main.o
    0x2000001e   0x00000004   Data   RW          137    .data               stm32f10x_it.o
    0x20000022   0x00000002   PAD
    0x20000024   0x0000000e   Data   RW          226    .data               systick.o
    0x20000032   0x00000005   Data   RW          270    .data               timer.o
    0x20000037   0x0000000b   Data   RW          289    .data               usart.o
    0x20000042   0x0000000a   Data   RW          340    .data               nrf24l01.o
    0x2000004c   0x00000008   Data   RW          378    .data               adc.o
    0x20000054   0x00000002   Data   RW          477    .data               stmflash.o
    0x20000056   0x00000002   PAD
    0x20000058   0x00000014   Data   RW          533    .data               system_stm32f10x.o
    0x2000006c   0x00000014   Data   RW          767    .data               stm32f10x_rcc.o
    0x20000080   0x00000052   Zero   RW           11    .bss                main.o
    0x200000d2   0x00000064   Zero   RW          136    .bss                stm32f10x_it.o
    0x20000136   0x00000100   Zero   RW          288    .bss                usart.o
    0x20000236   0x00000032   Zero   RW          314    .bss                datatransfer.o
    0x20000268   0x00000040   Zero   RW          339    .bss                nrf24l01.o
    0x200002a8   0x0000000e   Zero   RW          377    .bss                adc.o
    0x200002b6   0x00000010   Zero   RW          476    .bss                stmflash.o
    0x200002c6   0x00000002   PAD
    0x200002c8   0x00000060   Zero   RW          957    .bss                c_w.l(libspace.o)
    0x20000328   0x00000200   Zero   RW            2    HEAP                startup_stm32f10x_md.o
    0x20000528   0x00000400   Zero   RW            1    STACK               startup_stm32f10x_md.o


==============================================================================

Image component sizes


      Code (inc. data)   RO Data    RW Data    ZI Data      Debug   Object Name

      1764         80          0          8         14     231181   adc.o
      1120         42          0          0         50       2034   datatransfer.o
       172          4          0          0          0       1417   drv_flash.o
         0          0          0          0          0     278656   led.o
       116          4          0         30         82     210191   main.o
       220         22          0          0          0       1709   misc.o
       672         16          0         10         64       3337   nrf24l01.o
        20          0          0          0          0        681   param.o
       228         10          0          0          0        763   spi.o
        64         26        236          0       1536        820   startup_stm32f10x_md.o
      1102         26          0          0          0      10745   stm32f10x_adc.o
       596          8          0          0          0       4242   stm32f10x_dma.o
      1468         34          0          0          0       7946   stm32f10x_flash.o
       860         38          0          0          0       5557   stm32f10x_gpio.o
       244         48          0          4        100       2458   stm32f10x_it.o
       932         36          0         20          0       8700   stm32f10x_rcc.o
       780         14          0          0          0       6438   stm32f10x_spi.o
      3610         88          0          0          0      22044   stm32f10x_tim.o
      1032         22          0          0          0       8280   stm32f10x_usart.o
        80         10          0          2         16       1193   stmflash.o
       480         38          0         20          0       1731   system_stm32f10x.o
       264         42          0         14          0      16685   systick.o
         0          0          0          5          0        703   timer.o
      1208         34          0         11        256       5939   usart.o

    ----------------------------------------------------------------------
     17036        642        268        128       2120     833450   Object Totals
         0          0         32          0          0          0   (incl. Generated)
         4          0          0          4          2          0   (incl. Padding)

    ----------------------------------------------------------------------

      Code (inc. data)   RO Data    RW Data    ZI Data      Debug   Library Member Name

         8          0          0          0          0         68   __main.o
        52          8          0          0          0          0   __scatter.o
        26          0          0          0          0          0   __scatter_copy.o
        28          0          0          0          0          0   __scatter_zi.o
        12          0          0          0          0         72   exit.o
         6          0          0          0          0        152   heapauxi.o
         0          0          0          0          0          0   indicate_semi.o
         2          0          0          0          0          0   libinit.o
         2          0          0          0          0          0   libinit2.o
         2          0          0          0          0          0   libshutdown.o
         2          0          0          0          0          0   libshutdown2.o
         8          4          0          0         96         68   libspace.o
         0          0          0          0          0          0   rtentry.o
        12          0          0          0          0          0   rtentry2.o
         6          0          0          0          0          0   rtentry4.o
         2          0          0          0          0          0   rtexit.o
        10          0          0          0          0          0   rtexit2.o
        12          4          0          0          0         68   sys_exit.o
        74          0          0          0          0         80   sys_stackheap_outer.o
         2          0          0          0          0         68   use_no_semi.o
       804         16          0          0          0        272   daddsub_clz.o
       688        140          0          0          0        208   ddiv.o
        94          4          0          0          0         92   dfix.o
        38          0          0          0          0         68   dflt_clz.o
       340         12          0          0          0        104   dmul.o
       156          4          0          0          0         92   dnaninf.o
        12          0          0          0          0         68   dretinf.o
        54          4          0          0          0         84   ffix.o
        62          4          0          0          0         84   ffixu.o
        38          0          0          0          0         68   fflt_clz.o
       258          4          0          0          0         84   fmul.o
       140          4          0          0          0         84   fnaninf.o
        10          0          0          0          0         68   fretinf.o
         0          0          0          0          0          0   usenofp.o

    ----------------------------------------------------------------------
      2972        208          0          0         96       1952   Library Totals
        12          0          0          0          0          0   (incl. Padding)

    ----------------------------------------------------------------------

      Code (inc. data)   RO Data    RW Data    ZI Data      Debug   Library Name

       266         16          0          0         96        576   c_w.l
      2694        192          0          0          0       1376   fz_ws.l

    ----------------------------------------------------------------------
      2972        208          0          0         96       1952   Library Totals

    ----------------------------------------------------------------------

==============================================================================


      Code (inc. data)   RO Data    RW Data    ZI Data      Debug   

     20008        850        268        128       2216     832538   Grand Totals
     20008        850        268        128       2216     832538   ELF Image Totals
     20008        850        268        128          0          0   ROM Totals

==============================================================================

    Total RO  Size (Code + RO Data)                20276 (  19.80kB)
    Total RW  Size (RW Data + ZI Data)              2344 (   2.29kB)
    Total ROM Size (Code + RO Data + RW Data)      20404 (  19.93kB)

==============================================================================

